Archive member included to satisfy reference by file (symbol)

/Applications/STM32CubeIDE.app/Contents/Eclipse/plugins/com.st.stm32cube.ide.mcu.externaltools.gnu-tools-for-stm32.11.3.rel1.macos64_1.1.100.202310310803/tools/bin/../lib/gcc/arm-none-eabi/11.3.1/../../../../arm-none-eabi/lib/thumb/v7-m/nofp/libc_nano.a(libc_a-exit.o)
                              /Applications/STM32CubeIDE.app/Contents/Eclipse/plugins/com.st.stm32cube.ide.mcu.externaltools.gnu-tools-for-stm32.11.3.rel1.macos64_1.1.100.202310310803/tools/bin/../lib/gcc/arm-none-eabi/11.3.1/../../../../arm-none-eabi/lib/thumb/v7-m/nofp/crt0.o (exit)
/Applications/STM32CubeIDE.app/Contents/Eclipse/plugins/com.st.stm32cube.ide.mcu.externaltools.gnu-tools-for-stm32.11.3.rel1.macos64_1.1.100.202310310803/tools/bin/../lib/gcc/arm-none-eabi/11.3.1/../../../../arm-none-eabi/lib/thumb/v7-m/nofp/libc_nano.a(libc_a-sprintf.o)
                              ./Core/Src/main.o (sprintf)
/Applications/STM32CubeIDE.app/Contents/Eclipse/plugins/com.st.stm32cube.ide.mcu.externaltools.gnu-tools-for-stm32.11.3.rel1.macos64_1.1.100.202310310803/tools/bin/../lib/gcc/arm-none-eabi/11.3.1/../../../../arm-none-eabi/lib/thumb/v7-m/nofp/libc_nano.a(libc_a-findfp.o)
                              /Applications/STM32CubeIDE.app/Contents/Eclipse/plugins/com.st.stm32cube.ide.mcu.externaltools.gnu-tools-for-stm32.11.3.rel1.macos64_1.1.100.202310310803/tools/bin/../lib/gcc/arm-none-eabi/11.3.1/../../../../arm-none-eabi/lib/thumb/v7-m/nofp/libc_nano.a(libc_a-exit.o) (__stdio_exit_handler)
/Applications/STM32CubeIDE.app/Contents/Eclipse/plugins/com.st.stm32cube.ide.mcu.externaltools.gnu-tools-for-stm32.11.3.rel1.macos64_1.1.100.202310310803/tools/bin/../lib/gcc/arm-none-eabi/11.3.1/../../../../arm-none-eabi/lib/thumb/v7-m/nofp/libc_nano.a(libc_a-fwalk.o)
                              /Applications/STM32CubeIDE.app/Contents/Eclipse/plugins/com.st.stm32cube.ide.mcu.externaltools.gnu-tools-for-stm32.11.3.rel1.macos64_1.1.100.202310310803/tools/bin/../lib/gcc/arm-none-eabi/11.3.1/../../../../arm-none-eabi/lib/thumb/v7-m/nofp/libc_nano.a(libc_a-findfp.o) (_fwalk_sglue)
/Applications/STM32CubeIDE.app/Contents/Eclipse/plugins/com.st.stm32cube.ide.mcu.externaltools.gnu-tools-for-stm32.11.3.rel1.macos64_1.1.100.202310310803/tools/bin/../lib/gcc/arm-none-eabi/11.3.1/../../../../arm-none-eabi/lib/thumb/v7-m/nofp/libc_nano.a(libc_a-memset.o)
                              /Applications/STM32CubeIDE.app/Contents/Eclipse/plugins/com.st.stm32cube.ide.mcu.externaltools.gnu-tools-for-stm32.11.3.rel1.macos64_1.1.100.202310310803/tools/bin/../lib/gcc/arm-none-eabi/11.3.1/../../../../arm-none-eabi/lib/thumb/v7-m/nofp/crt0.o (memset)
/Applications/STM32CubeIDE.app/Contents/Eclipse/plugins/com.st.stm32cube.ide.mcu.externaltools.gnu-tools-for-stm32.11.3.rel1.macos64_1.1.100.202310310803/tools/bin/../lib/gcc/arm-none-eabi/11.3.1/../../../../arm-none-eabi/lib/thumb/v7-m/nofp/libc_nano.a(libc_a-impure.o)
                              /Applications/STM32CubeIDE.app/Contents/Eclipse/plugins/com.st.stm32cube.ide.mcu.externaltools.gnu-tools-for-stm32.11.3.rel1.macos64_1.1.100.202310310803/tools/bin/../lib/gcc/arm-none-eabi/11.3.1/../../../../arm-none-eabi/lib/thumb/v7-m/nofp/libc_nano.a(libc_a-sprintf.o) (_impure_ptr)
/Applications/STM32CubeIDE.app/Contents/Eclipse/plugins/com.st.stm32cube.ide.mcu.externaltools.gnu-tools-for-stm32.11.3.rel1.macos64_1.1.100.202310310803/tools/bin/../lib/gcc/arm-none-eabi/11.3.1/../../../../arm-none-eabi/lib/thumb/v7-m/nofp/libc_nano.a(libc_a-errno.o)
                              ./Core/Src/syscalls.o (__errno)
/Applications/STM32CubeIDE.app/Contents/Eclipse/plugins/com.st.stm32cube.ide.mcu.externaltools.gnu-tools-for-stm32.11.3.rel1.macos64_1.1.100.202310310803/tools/bin/../lib/gcc/arm-none-eabi/11.3.1/../../../../arm-none-eabi/lib/thumb/v7-m/nofp/libc_nano.a(libc_a-init.o)
                              /Applications/STM32CubeIDE.app/Contents/Eclipse/plugins/com.st.stm32cube.ide.mcu.externaltools.gnu-tools-for-stm32.11.3.rel1.macos64_1.1.100.202310310803/tools/bin/../lib/gcc/arm-none-eabi/11.3.1/../../../../arm-none-eabi/lib/thumb/v7-m/nofp/crt0.o (__libc_init_array)
/Applications/STM32CubeIDE.app/Contents/Eclipse/plugins/com.st.stm32cube.ide.mcu.externaltools.gnu-tools-for-stm32.11.3.rel1.macos64_1.1.100.202310310803/tools/bin/../lib/gcc/arm-none-eabi/11.3.1/../../../../arm-none-eabi/lib/thumb/v7-m/nofp/libc_nano.a(libc_a-lock.o)
                              /Applications/STM32CubeIDE.app/Contents/Eclipse/plugins/com.st.stm32cube.ide.mcu.externaltools.gnu-tools-for-stm32.11.3.rel1.macos64_1.1.100.202310310803/tools/bin/../lib/gcc/arm-none-eabi/11.3.1/../../../../arm-none-eabi/lib/thumb/v7-m/nofp/libc_nano.a(libc_a-findfp.o) (__retarget_lock_init_recursive)
[...]
Memory Configuration

Name             Origin             Length             Attributes
RAM              0x0000000020000000 0x0000000000005000 xrw
FLASH            0x0000000008000000 0x0000000000010000 xr
*default*        0x0000000000000000 0xffffffffffffffff

Linker script and memory map

LOAD /Applications/STM32CubeIDE.app/Contents/Eclipse/plugins/com.st.stm32cube.ide.mcu.externaltools.gnu-tools-for-stm32.11.3.rel1.macos64_1.1.100.202310310803/tools/bin/../lib/gcc/arm-none-eabi/11.3.1/thumb/v7-m/nofp/crti.o
LOAD /Applications/STM32CubeIDE.app/Contents/Eclipse/plugins/com.st.stm32cube.ide.mcu.externaltools.gnu-tools-for-stm32.11.3.rel1.macos64_1.1.100.202310310803/tools/bin/../lib/gcc/arm-none-eabi/11.3.1/thumb/v7-m/nofp/crtbegin.o
LOAD /Applications/STM32CubeIDE.app/Contents/Eclipse/plugins/com.st.stm32cube.ide.mcu.externaltools.gnu-tools-for-stm32.11.3.rel1.macos64_1.1.100.202310310803/tools/bin/../lib/gcc/arm-none-eabi/11.3.1/../../../../arm-none-eabi/lib/thumb/v7-m/nofp/crt0.o
LOAD ./Core/Src/LCD1602.o
LOAD ./Core/Src/freertos.o
LOAD ./Core/Src/main.o
LOAD ./Core/Src/stm32f1xx_hal_msp.o
LOAD ./Core/Src/stm32f1xx_it.o
LOAD ./Core/Src/syscalls.o
LOAD ./Core/Src/sysmem.o
LOAD ./Core/Src/system_stm32f1xx.o
LOAD ./Core/Startup/startup_stm32f103c8tx.o
LOAD ./Drivers/STM32F1xx_HAL_Driver/Src/stm32f1xx_hal.o
LOAD ./Drivers/STM32F1xx_HAL_Driver/Src/stm32f1xx_hal_cortex.o
LOAD ./Drivers/STM32F1xx_HAL_Driver/Src/stm32f1xx_hal_dma.o
LOAD ./Drivers/STM32F1xx_HAL_Driver/Src/stm32f1xx_hal_exti.o
LOAD ./Drivers/STM32F1xx_HAL_Driver/Src/stm32f1xx_hal_flash.o
LOAD ./Drivers/STM32F1xx_HAL_Driver/Src/stm32f1xx_hal_flash_ex.o
LOAD ./Drivers/STM32F1xx_HAL_Driver/Src/stm32f1xx_hal_gpio.o
LOAD ./Drivers/STM32F1xx_HAL_Driver/Src/stm32f1xx_hal_gpio_ex.o
LOAD ./Drivers/STM32F1xx_HAL_Driver/Src/stm32f1xx_hal_pwr.o
LOAD ./Drivers/STM32F1xx_HAL_Driver/Src/stm32f1xx_hal_rcc.o
LOAD ./Drivers/STM32F1xx_HAL_Driver/Src/stm32f1xx_hal_rcc_ex.o
LOAD ./Drivers/STM32F1xx_HAL_Driver/Src/stm32f1xx_hal_tim.o
LOAD ./Drivers/STM32F1xx_HAL_Driver/Src/stm32f1xx_hal_tim_ex.o
LOAD ./Middlewares/Third_Party/FreeRTOS/Source/CMSIS_RTOS/cmsis_os.o
LOAD ./Middlewares/Third_Party/FreeRTOS/Source/croutine.o
LOAD ./Middlewares/Third_Party/FreeRTOS/Source/event_groups.o
LOAD ./Middlewares/Third_Party/FreeRTOS/Source/list.o
LOAD ./Middlewares/Third_Party/FreeRTOS/Source/queue.o
LOAD ./Middlewares/Third_Party/FreeRTOS/Source/stream_buffer.o
LOAD ./Middlewares/Third_Party/FreeRTOS/Source/tasks.o
LOAD ./Middlewares/Third_Party/FreeRTOS/Source/timers.o
LOAD ./Middlewares/Third_Party/FreeRTOS/Source/portable/GCC/ARM_CM3/port.o
LOAD ./Middlewares/Third_Party/FreeRTOS/Source/portable/MemMang/heap_4.o
START GROUP
LOAD /Applications/STM32CubeIDE.app/Contents/Eclipse/plugins/com.st.stm32cube.ide.mcu.externaltools.gnu-tools-for-stm32.11.3.rel1.macos64_1.1.100.202310310803/tools/bin/../lib/gcc/arm-none-eabi/11.3.1/../../../../arm-none-eabi/lib/thumb/v7-m/nofp/libc_nano.a
LOAD /Applications/STM32CubeIDE.app/Contents/Eclipse/plugins/com.st.stm32cube.ide.mcu.externaltools.gnu-tools-for-stm32.11.3.rel1.macos64_1.1.100.202310310803/tools/bin/../lib/gcc/arm-none-eabi/11.3.1/../../../../arm-none-eabi/lib/thumb/v7-m/nofp/libm.a
END GROUP
START GROUP
LOAD /Applications/STM32CubeIDE.app/Contents/Eclipse/plugins/com.st.stm32cube.ide.mcu.externaltools.gnu-tools-for-stm32.11.3.rel1.macos64_1.1.100.202310310803/tools/bin/../lib/gcc/arm-none-eabi/11.3.1/thumb/v7-m/nofp/libgcc.a
LOAD /Applications/STM32CubeIDE.app/Contents/Eclipse/plugins/com.st.stm32cube.ide.mcu.externaltools.gnu-tools-for-stm32.11.3.rel1.macos64_1.1.100.202310310803/tools/bin/../lib/gcc/arm-none-eabi/11.3.1/../../../../arm-none-eabi/lib/thumb/v7-m/nofp/libc_nano.a
END GROUP
START GROUP
LOAD /Applications/STM32CubeIDE.app/Contents/Eclipse/plugins/com.st.stm32cube.ide.mcu.externaltools.gnu-tools-for-stm32.11.3.rel1.macos64_1.1.100.202310310803/tools/bin/../lib/gcc/arm-none-eabi/11.3.1/thumb/v7-m/nofp/libgcc.a
LOAD /Applications/STM32CubeIDE.app/Contents/Eclipse/plugins/com.st.stm32cube.ide.mcu.externaltools.gnu-tools-for-stm32.11.3.rel1.macos64_1.1.100.202310310803/tools/bin/../lib/gcc/arm-none-eabi/11.3.1/../../../../arm-none-eabi/lib/thumb/v7-m/nofp/libc_nano.a
LOAD /Applications/STM32CubeIDE.app/Contents/Eclipse/plugins/com.st.stm32cube.ide.mcu.externaltools.gnu-tools-for-stm32.11.3.rel1.macos64_1.1.100.202310310803/tools/bin/../lib/gcc/arm-none-eabi/11.3.1/../../../../arm-none-eabi/lib/thumb/v7-m/nofp/libnosys.a
END GROUP
START GROUP
LOAD /Applications/STM32CubeIDE.app/Contents/Eclipse/plugins/com.st.stm32cube.ide.mcu.externaltools.gnu-tools-for-stm32.11.3.rel1.macos64_1.1.100.202310310803/tools/bin/../lib/gcc/arm-none-eabi/11.3.1/thumb/v7-m/nofp/libgcc.a
LOAD /Applications/STM32CubeIDE.app/Contents/Eclipse/plugins/com.st.stm32cube.ide.mcu.externaltools.gnu-tools-for-stm32.11.3.rel1.macos64_1.1.100.202310310803/tools/bin/../lib/gcc/arm-none-eabi/11.3.1/../../../../arm-none-eabi/lib/thumb/v7-m/nofp/libc_nano.a
LOAD /Applications/STM32CubeIDE.app/Contents/Eclipse/plugins/com.st.stm32cube.ide.mcu.externaltools.gnu-tools-for-stm32.11.3.rel1.macos64_1.1.100.202310310803/tools/bin/../lib/gcc/arm-none-eabi/11.3.1/../../../../arm-none-eabi/lib/thumb/v7-m/nofp/libnosys.a
END GROUP
LOAD /Applications/STM32CubeIDE.app/Contents/Eclipse/plugins/com.st.stm32cube.ide.mcu.externaltools.gnu-tools-for-stm32.11.3.rel1.macos64_1.1.100.202310310803/tools/bin/../lib/gcc/arm-none-eabi/11.3.1/thumb/v7-m/nofp/crtend.o
LOAD /Applications/STM32CubeIDE.app/Contents/Eclipse/plugins/com.st.stm32cube.ide.mcu.externaltools.gnu-tools-for-stm32.11.3.rel1.macos64_1.1.100.202310310803/tools/bin/../lib/gcc/arm-none-eabi/11.3.1/thumb/v7-m/nofp/crtn.o
                0x0000000020005000                _estack = (ORIGIN (RAM) + LENGTH (RAM))
                0x0000000000000200                _Min_Heap_Size = 0x200
                0x0000000000000400                _Min_Stack_Size = 0x400

.isr_vector     0x0000000008000000      0x10c
                0x0000000008000000                . = ALIGN (0x4)
 *(.isr_vector)
 .isr_vector    0x0000000008000000      0x10c ./Core/Startup/startup_stm32f103c8tx.o
                0x0000000008000000                g_pfnVectors
                0x000000000800010c                . = ALIGN (0x4)

.text           0x0000000008000110     0x5f4c
                0x0000000008000110                . = ALIGN (0x4)
 *(.text)
 .text          0x0000000008000110       0x40 /Applications/STM32CubeIDE.app/Contents/Eclipse/plugins/com.st.stm32cube.ide.mcu.externaltools.gnu-tools-for-stm32.11.3.rel1.macos64_1.1.100.202310310803/tools/bin/../lib/gcc/arm-none-eabi/11.3.1/thumb/v7-m/nofp/crtbegin.o
 .text          0x0000000008000150      0x378 /Applications/STM32CubeIDE.app/Contents/Eclipse/plugins/com.st.stm32cube.ide.mcu.externaltools.gnu-tools-for-stm32.11.3.rel1.macos64_1.1.100.202310310803/tools/bin/../lib/gcc/arm-none-eabi/11.3.1/thumb/v7-m/nofp/libgcc.a(_arm_addsubdf3.o)
                0x0000000008000150                __aeabi_drsub
                0x0000000008000158                __subdf3
                0x0000000008000158                __aeabi_dsub
                0x000000000800015c                __aeabi_dadd
                0x000000000800015c                __adddf3
                0x00000000080003d4                __aeabi_ui2d
                0x00000000080003d4                __floatunsidf
                0x00000000080003f4                __floatsidf
                0x00000000080003f4                __aeabi_i2d
                0x0000000008000418                __extendsfdf2
                0x0000000008000418                __aeabi_f2d
                0x000000000800045c                __aeabi_ul2d
                0x000000000800045c                __floatundidf
                0x000000000800046c                __aeabi_l2d
                0x000000000800046c                __floatdidf
 .text          0x00000000080004c8      0x424 /Applications/STM32CubeIDE.app/Contents/Eclipse/plugins/com.st.stm32cube.ide.mcu.externaltools.gnu-tools-for-stm32.11.3.rel1.macos64_1.1.100.202310310803/tools/bin/../lib/gcc/arm-none-eabi/11.3.1/thumb/v7-m/nofp/libgcc.a(_arm_muldivdf3.o)
                0x00000000080004c8                __aeabi_dmul
                0x00000000080004c8                __muldf3
                0x000000000800071c                __aeabi_ddiv
                0x000000000800071c                __divdf3
 .text          0x00000000080008ec       0x50 /Applications/STM32CubeIDE.app/Contents/Eclipse/plugins/com.st.stm32cube.ide.mcu.externaltools.gnu-tools-for-stm32.11.3.rel1.macos64_1.1.100.202310310803/tools/bin/../lib/gcc/arm-none-eabi/11.3.1/thumb/v7-m/nofp/libgcc.a(_arm_fixdfsi.o)
                0x00000000080008ec                __fixdfsi
                0x00000000080008ec                __aeabi_d2iz
 .text          0x000000000800093c       0x40 /Applications/STM32CubeIDE.app/Contents/Eclipse/plugins/com.st.stm32cube.ide.mcu.externaltools.gnu-tools-for-stm32.11.3.rel1.macos64_1.1.100.202310310803/tools/bin/../lib/gcc/arm-none-eabi/11.3.1/thumb/v7-m/nofp/libgcc.a(_arm_fixunsdfsi.o)
                0x000000000800093c                __fixunsdfsi
                0x000000000800093c                __aeabi_d2uiz
 *(.text*)
 .text.delay    0x000000000800097c       0x30 ./Core/Src/LCD1602.o
                0x000000000800097c                delay
 .text.send_to_lcd
                0x00000000080009ac       0xa0 ./Core/Src/LCD1602.o
                0x00000000080009ac                send_to_lcd
 .text.lcd_send_cmd
                0x0000000008000a4c       0x34 ./Core/Src/LCD1602.o
                0x0000000008000a4c                lcd_send_cmd
 .text.lcd_send_data
                0x0000000008000a80       0x34 ./Core/Src/LCD1602.o
                0x0000000008000a80                lcd_send_data
 .text.lcd_clear
                0x0000000008000ab4       0x14 ./Core/Src/LCD1602.o
                0x0000000008000ab4                lcd_clear
 .text.lcd_put_cur
                0x0000000008000ac8       0x3e ./Core/Src/LCD1602.o
                0x0000000008000ac8                lcd_put_cur
 .text.lcd_init
                0x0000000008000b06       0x7a ./Core/Src/LCD1602.o
                0x0000000008000b06                lcd_init
 .text.lcd_send_string
                0x0000000008000b80       0x2a ./Core/Src/LCD1602.o
                0x0000000008000b80                lcd_send_string
 *fill*         0x0000000008000baa        0x2 
 .text.vApplicationGetIdleTaskMemory
                0x0000000008000bac       0x30 ./Core/Src/freertos.o
                0x0000000008000bac                vApplicationGetIdleTaskMemory
 *fill*         0x0000000008000bdc        0x4 
 .text.PID_Apply
                0x0000000008000be0       0xf0 ./Core/Src/main.o
                0x0000000008000be0                PID_Apply
 .text.ReadDistanceTask
                0x0000000008000cd0      0x348 ./Core/Src/main.o
                0x0000000008000cd0                ReadDistanceTask
 .text.PathFindTask
                0x0000000008001018      0x400 ./Core/Src/main.o
                0x0000000008001018                PathFindTask
 .text.main     0x0000000008001418       0x60 ./Core/Src/main.o
                0x0000000008001418                main
 .text.SystemClock_Config
                0x0000000008001478       0x8a ./Core/Src/main.o
                0x0000000008001478                SystemClock_Config
 *fill*         0x0000000008001502        0x2 
 .text.MX_TIM1_Init
                0x0000000008001504       0xa0 ./Core/Src/main.o
 .text.MX_TIM2_Init
                0x00000000080015a4      0x100 ./Core/Src/main.o
 .text.MX_TIM3_Init
                0x00000000080016a4       0x9c ./Core/Src/main.o
 .text.MX_TIM4_Init
                0x0000000008001740       0x9c ./Core/Src/main.o
 .text.MX_GPIO_Init
                0x00000000080017dc       0xf8 ./Core/Src/main.o
 .text.Error_Handler
                0x00000000080018d4        0xa ./Core/Src/main.o
                0x00000000080018d4                Error_Handler
 *fill*         0x00000000080018de        0x2 
 .text.HAL_MspInit
                0x00000000080018e0       0x70 ./Core/Src/stm32f1xx_hal_msp.o
                0x00000000080018e0                HAL_MspInit
 .text.HAL_TIM_Base_MspInit
                0x0000000008001950       0xb0 ./Core/Src/stm32f1xx_hal_msp.o
                0x0000000008001950                HAL_TIM_Base_MspInit
 .text.HAL_TIM_MspPostInit
                0x0000000008001a00       0x60 ./Core/Src/stm32f1xx_hal_msp.o
                0x0000000008001a00                HAL_TIM_MspPostInit
 .text.NMI_Handler
                0x0000000008001a60        0x6 ./Core/Src/stm32f1xx_it.o
                0x0000000008001a60                NMI_Handler
 .text.HardFault_Handler
                0x0000000008001a66        0x6 ./Core/Src/stm32f1xx_it.o
                0x0000000008001a66                HardFault_Handler
 .text.MemManage_Handler
                0x0000000008001a6c        0x6 ./Core/Src/stm32f1xx_it.o
                0x0000000008001a6c                MemManage_Handler
 .text.BusFault_Handler
                0x0000000008001a72        0x6 ./Core/Src/stm32f1xx_it.o
                0x0000000008001a72                BusFault_Handler
 .text.UsageFault_Handler
                0x0000000008001a78        0x6 ./Core/Src/stm32f1xx_it.o
                0x0000000008001a78                UsageFault_Handler
 .text.DebugMon_Handler
                0x0000000008001a7e        0xc ./Core/Src/stm32f1xx_it.o
                0x0000000008001a7e                DebugMon_Handler
 .text.SysTick_Handler
                0x0000000008001a8a       0x1a ./Core/Src/stm32f1xx_it.o
                0x0000000008001a8a                SysTick_Handler
 .text._sbrk    0x0000000008001aa4       0x6c ./Core/Src/sysmem.o
                0x0000000008001aa4                _sbrk
 .text.SystemInit
                0x0000000008001b10        0xc ./Core/Src/system_stm32f1xx.o
                0x0000000008001b10                SystemInit
 .text.Reset_Handler
                0x0000000008001b1c       0x48 ./Core/Startup/startup_stm32f103c8tx.o
                0x0000000008001b1c                Reset_Handler
 .text.Default_Handler
                0x0000000008001b64        0x2 ./Core/Startup/startup_stm32f103c8tx.o
                0x0000000008001b64                USBWakeUp_IRQHandler
                0x0000000008001b64                EXTI2_IRQHandler
                0x0000000008001b64                TIM1_CC_IRQHandler
                0x0000000008001b64                PVD_IRQHandler
                0x0000000008001b64                EXTI3_IRQHandler
                0x0000000008001b64                EXTI0_IRQHandler
                0x0000000008001b64                I2C2_EV_IRQHandler
                0x0000000008001b64                ADC1_2_IRQHandler
                0x0000000008001b64                SPI1_IRQHandler
                0x0000000008001b64                TAMPER_IRQHandler
                0x0000000008001b64                DMA1_Channel4_IRQHandler
                0x0000000008001b64                USART3_IRQHandler
                0x0000000008001b64                RTC_IRQHandler
                0x0000000008001b64                DMA1_Channel7_IRQHandler
                0x0000000008001b64                CAN1_RX1_IRQHandler
                0x0000000008001b64                TIM4_IRQHandler
                0x0000000008001b64                I2C1_EV_IRQHandler
                0x0000000008001b64                DMA1_Channel6_IRQHandler
                0x0000000008001b64                TIM3_IRQHandler
                0x0000000008001b64                RCC_IRQHandler
                0x0000000008001b64                TIM1_TRG_COM_IRQHandler
                0x0000000008001b64                DMA1_Channel1_IRQHandler
                0x0000000008001b64                Default_Handler
                0x0000000008001b64                EXTI15_10_IRQHandler
                0x0000000008001b64                EXTI9_5_IRQHandler
                0x0000000008001b64                SPI2_IRQHandler
                0x0000000008001b64                DMA1_Channel5_IRQHandler
                0x0000000008001b64                EXTI4_IRQHandler
                0x0000000008001b64                USB_LP_CAN1_RX0_IRQHandler
                0x0000000008001b64                USB_HP_CAN1_TX_IRQHandler
                0x0000000008001b64                DMA1_Channel3_IRQHandler
                0x0000000008001b64                TIM1_UP_IRQHandler
                0x0000000008001b64                WWDG_IRQHandler
                0x0000000008001b64                TIM2_IRQHandler
                0x0000000008001b64                TIM1_BRK_IRQHandler
                0x0000000008001b64                EXTI1_IRQHandler
                0x0000000008001b64                USART2_IRQHandler
                0x0000000008001b64                I2C2_ER_IRQHandler
                0x0000000008001b64                DMA1_Channel2_IRQHandler
                0x0000000008001b64                CAN1_SCE_IRQHandler
                0x0000000008001b64                FLASH_IRQHandler
                0x0000000008001b64                USART1_IRQHandler
                0x0000000008001b64                I2C1_ER_IRQHandler
                0x0000000008001b64                RTC_Alarm_IRQHandler
 *fill*         0x0000000008001b66        0x2 
 .text.HAL_Init
                0x0000000008001b68       0x2c ./Drivers/STM32F1xx_HAL_Driver/Src/stm32f1xx_hal.o
                0x0000000008001b68                HAL_Init
 .text.HAL_InitTick
                0x0000000008001b94       0x60 ./Drivers/STM32F1xx_HAL_Driver/Src/stm32f1xx_hal.o
                0x0000000008001b94                HAL_InitTick
 .text.HAL_IncTick
                0x0000000008001bf4       0x24 ./Drivers/STM32F1xx_HAL_Driver/Src/stm32f1xx_hal.o
                0x0000000008001bf4                HAL_IncTick
 .text.HAL_GetTick
                0x0000000008001c18       0x14 ./Drivers/STM32F1xx_HAL_Driver/Src/stm32f1xx_hal.o
                0x0000000008001c18                HAL_GetTick
 .text.HAL_Delay
                0x0000000008001c2c       0x48 ./Drivers/STM32F1xx_HAL_Driver/Src/stm32f1xx_hal.o
                0x0000000008001c2c                HAL_Delay
 .text.__NVIC_SetPriorityGrouping
                0x0000000008001c74       0x48 ./Drivers/STM32F1xx_HAL_Driver/Src/stm32f1xx_hal_cortex.o
 .text.__NVIC_GetPriorityGrouping
                0x0000000008001cbc       0x1c ./Drivers/STM32F1xx_HAL_Driver/Src/stm32f1xx_hal_cortex.o
 .text.__NVIC_SetPriority
                0x0000000008001cd8       0x54 ./Drivers/STM32F1xx_HAL_Driver/Src/stm32f1xx_hal_cortex.o
 .text.NVIC_EncodePriority
                0x0000000008001d2c       0x64 ./Drivers/STM32F1xx_HAL_Driver/Src/stm32f1xx_hal_cortex.o
 .text.SysTick_Config
                0x0000000008001d90       0x44 ./Drivers/STM32F1xx_HAL_Driver/Src/stm32f1xx_hal_cortex.o
 .text.HAL_NVIC_SetPriorityGrouping
                0x0000000008001dd4       0x16 ./Drivers/STM32F1xx_HAL_Driver/Src/stm32f1xx_hal_cortex.o
                0x0000000008001dd4                HAL_NVIC_SetPriorityGrouping
 .text.HAL_NVIC_SetPriority
                0x0000000008001dea       0x38 ./Drivers/STM32F1xx_HAL_Driver/Src/stm32f1xx_hal_cortex.o
                0x0000000008001dea                HAL_NVIC_SetPriority
 .text.HAL_SYSTICK_Config
                0x0000000008001e22       0x18 ./Drivers/STM32F1xx_HAL_Driver/Src/stm32f1xx_hal_cortex.o
                0x0000000008001e22                HAL_SYSTICK_Config
 *fill*         0x0000000008001e3a        0x2 
 .text.HAL_GPIO_Init
                0x0000000008001e3c      0x308 ./Drivers/STM32F1xx_HAL_Driver/Src/stm32f1xx_hal_gpio.o
                0x0000000008001e3c                HAL_GPIO_Init
 .text.HAL_GPIO_ReadPin
                0x0000000008002144       0x2e ./Drivers/STM32F1xx_HAL_Driver/Src/stm32f1xx_hal_gpio.o
                0x0000000008002144                HAL_GPIO_ReadPin
 .text.HAL_GPIO_WritePin
                0x0000000008002172       0x30 ./Drivers/STM32F1xx_HAL_Driver/Src/stm32f1xx_hal_gpio.o
                0x0000000008002172                HAL_GPIO_WritePin
 *fill*         0x00000000080021a2        0x2 
 .text.HAL_RCC_OscConfig
                0x00000000080021a4      0x504 ./Drivers/STM32F1xx_HAL_Driver/Src/stm32f1xx_hal_rcc.o
                0x00000000080021a4                HAL_RCC_OscConfig
 .text.HAL_RCC_ClockConfig
                0x00000000080026a8      0x1d4 ./Drivers/STM32F1xx_HAL_Driver/Src/stm32f1xx_hal_rcc.o
                0x00000000080026a8                HAL_RCC_ClockConfig
 .text.HAL_RCC_GetSysClockFreq
                0x000000000800287c       0xa8 ./Drivers/STM32F1xx_HAL_Driver/Src/stm32f1xx_hal_rcc.o
                0x000000000800287c                HAL_RCC_GetSysClockFreq
 .text.RCC_Delay
                0x0000000008002924       0x3c ./Drivers/STM32F1xx_HAL_Driver/Src/stm32f1xx_hal_rcc.o
 .text.HAL_TIM_Base_Init
                0x0000000008002960       0x9e ./Drivers/STM32F1xx_HAL_Driver/Src/stm32f1xx_hal_tim.o
                0x0000000008002960                HAL_TIM_Base_Init
 *fill*         0x00000000080029fe        0x2 
 .text.HAL_TIM_Base_Start
                0x0000000008002a00       0x94 ./Drivers/STM32F1xx_HAL_Driver/Src/stm32f1xx_hal_tim.o
                0x0000000008002a00                HAL_TIM_Base_Start
 .text.HAL_TIM_PWM_Init
                0x0000000008002a94       0x9e ./Drivers/STM32F1xx_HAL_Driver/Src/stm32f1xx_hal_tim.o
                0x0000000008002a94                HAL_TIM_PWM_Init
 .text.HAL_TIM_PWM_MspInit
                0x0000000008002b32       0x12 ./Drivers/STM32F1xx_HAL_Driver/Src/stm32f1xx_hal_tim.o
                0x0000000008002b32                HAL_TIM_PWM_MspInit
 .text.HAL_TIM_PWM_Start
                0x0000000008002b44      0x144 ./Drivers/STM32F1xx_HAL_Driver/Src/stm32f1xx_hal_tim.o
                0x0000000008002b44                HAL_TIM_PWM_Start
 .text.HAL_TIM_PWM_ConfigChannel
                0x0000000008002c88      0x184 ./Drivers/STM32F1xx_HAL_Driver/Src/stm32f1xx_hal_tim.o
                0x0000000008002c88                HAL_TIM_PWM_ConfigChannel
 .text.HAL_TIM_ConfigClockSource
                0x0000000008002e0c      0x18e ./Drivers/STM32F1xx_HAL_Driver/Src/stm32f1xx_hal_tim.o
                0x0000000008002e0c                HAL_TIM_ConfigClockSource
 *fill*         0x0000000008002f9a        0x2 
 .text.TIM_Base_SetConfig
                0x0000000008002f9c       0xc4 ./Drivers/STM32F1xx_HAL_Driver/Src/stm32f1xx_hal_tim.o
                0x0000000008002f9c                TIM_Base_SetConfig
 .text.TIM_OC1_SetConfig
                0x0000000008003060       0xcc ./Drivers/STM32F1xx_HAL_Driver/Src/stm32f1xx_hal_tim.o
 .text.TIM_OC2_SetConfig
                0x000000000800312c       0xd4 ./Drivers/STM32F1xx_HAL_Driver/Src/stm32f1xx_hal_tim.o
                0x000000000800312c                TIM_OC2_SetConfig
 .text.TIM_OC3_SetConfig
                0x0000000008003200       0xd4 ./Drivers/STM32F1xx_HAL_Driver/Src/stm32f1xx_hal_tim.o
 .text.TIM_OC4_SetConfig
                0x00000000080032d4       0x9c ./Drivers/STM32F1xx_HAL_Driver/Src/stm32f1xx_hal_tim.o
 .text.TIM_TI1_ConfigInputStage
                0x0000000008003370       0x5c ./Drivers/STM32F1xx_HAL_Driver/Src/stm32f1xx_hal_tim.o
 .text.TIM_TI2_ConfigInputStage
                0x00000000080033cc       0x5e ./Drivers/STM32F1xx_HAL_Driver/Src/stm32f1xx_hal_tim.o
 .text.TIM_ITRx_SetConfig
                0x000000000800342a       0x34 ./Drivers/STM32F1xx_HAL_Driver/Src/stm32f1xx_hal_tim.o
 .text.TIM_ETR_SetConfig
                0x000000000800345e       0x3e ./Drivers/STM32F1xx_HAL_Driver/Src/stm32f1xx_hal_tim.o
                0x000000000800345e                TIM_ETR_SetConfig
 .text.TIM_CCxChannelCmd
                0x000000000800349c       0x48 ./Drivers/STM32F1xx_HAL_Driver/Src/stm32f1xx_hal_tim.o
                0x000000000800349c                TIM_CCxChannelCmd
 .text.HAL_TIMEx_MasterConfigSynchronization
                0x00000000080034e4       0xbc ./Drivers/STM32F1xx_HAL_Driver/Src/stm32f1xx_hal_tim_ex.o
                0x00000000080034e4                HAL_TIMEx_MasterConfigSynchronization
 .text.vListInitialise
                0x00000000080035a0       0x3e ./Middlewares/Third_Party/FreeRTOS/Source/list.o
                0x00000000080035a0                vListInitialise
 .text.vListInitialiseItem
                0x00000000080035de       0x18 ./Middlewares/Third_Party/FreeRTOS/Source/list.o
                0x00000000080035de                vListInitialiseItem
 .text.vListInsertEnd
                0x00000000080035f6       0x46 ./Middlewares/Third_Party/FreeRTOS/Source/list.o
                0x00000000080035f6                vListInsertEnd
 .text.vListInsert
                0x000000000800363c       0x70 ./Middlewares/Third_Party/FreeRTOS/Source/list.o
                0x000000000800363c                vListInsert
 .text.uxListRemove
                0x00000000080036ac       0x52 ./Middlewares/Third_Party/FreeRTOS/Source/list.o
                0x00000000080036ac                uxListRemove
 *fill*         0x00000000080036fe        0x2 
 .text.xQueueGenericReset
                0x0000000008003700       0xd0 ./Middlewares/Third_Party/FreeRTOS/Source/queue.o
                0x0000000008003700                xQueueGenericReset
 .text.xQueueGenericCreate
                0x00000000080037d0       0x7c ./Middlewares/Third_Party/FreeRTOS/Source/queue.o
                0x00000000080037d0                xQueueGenericCreate
 .text.prvInitialiseNewQueue
                0x000000000800384c       0x3e ./Middlewares/Third_Party/FreeRTOS/Source/queue.o
 .text.prvInitialiseMutex
                0x000000000800388a       0x34 ./Middlewares/Third_Party/FreeRTOS/Source/queue.o
 .text.xQueueCreateMutex
                0x00000000080038be       0x30 ./Middlewares/Third_Party/FreeRTOS/Source/queue.o
                0x00000000080038be                xQueueCreateMutex
 *fill*         0x00000000080038ee        0x2 
 .text.xQueueGenericSend
                0x00000000080038f0      0x1fc ./Middlewares/Third_Party/FreeRTOS/Source/queue.o
                0x00000000080038f0                xQueueGenericSend
 .text.xQueueSemaphoreTake
                0x0000000008003aec      0x218 ./Middlewares/Third_Party/FreeRTOS/Source/queue.o
                0x0000000008003aec                xQueueSemaphoreTake
 .text.prvGetDisinheritPriorityAfterTimeout
                0x0000000008003d04       0x2e ./Middlewares/Third_Party/FreeRTOS/Source/queue.o
 .text.prvCopyDataToQueue
                0x0000000008003d32       0xd4 ./Middlewares/Third_Party/FreeRTOS/Source/queue.o
 .text.prvUnlockQueue
                0x0000000008003e06       0xa4 ./Middlewares/Third_Party/FreeRTOS/Source/queue.o
 .text.prvIsQueueEmpty
                0x0000000008003eaa       0x2c ./Middlewares/Third_Party/FreeRTOS/Source/queue.o
 .text.prvIsQueueFull
                0x0000000008003ed6       0x30 ./Middlewares/Third_Party/FreeRTOS/Source/queue.o
 .text.xTaskCreateStatic
                0x0000000008003f06       0xb8 ./Middlewares/Third_Party/FreeRTOS/Source/tasks.o
                0x0000000008003f06                xTaskCreateStatic
 .text.xTaskCreate
                0x0000000008003fbe       0x8a ./Middlewares/Third_Party/FreeRTOS/Source/tasks.o
                0x0000000008003fbe                xTaskCreate
 .text.prvInitialiseNewTask
                0x0000000008004048       0xfe ./Middlewares/Third_Party/FreeRTOS/Source/tasks.o
 *fill*         0x0000000008004146        0x2 
 .text.prvAddNewTaskToReadyList
                0x0000000008004148       0xd4 ./Middlewares/Third_Party/FreeRTOS/Source/tasks.o
 .text.vTaskDelayUntil
                0x000000000800421c       0xfc ./Middlewares/Third_Party/FreeRTOS/Source/tasks.o
                0x000000000800421c                vTaskDelayUntil
 .text.vTaskStartScheduler
                0x0000000008004318       0xc0 ./Middlewares/Third_Party/FreeRTOS/Source/tasks.o
                0x0000000008004318                vTaskStartScheduler
 .text.vTaskSuspendAll
                0x00000000080043d8       0x1c ./Middlewares/Third_Party/FreeRTOS/Source/tasks.o
                0x00000000080043d8                vTaskSuspendAll
 .text.xTaskResumeAll
                0x00000000080043f4      0x138 ./Middlewares/Third_Party/FreeRTOS/Source/tasks.o
                0x00000000080043f4                xTaskResumeAll
 .text.xTaskGetTickCount
                0x000000000800452c       0x1c ./Middlewares/Third_Party/FreeRTOS/Source/tasks.o
                0x000000000800452c                xTaskGetTickCount
 .text.xTaskIncrementTick
                0x0000000008004548      0x17c ./Middlewares/Third_Party/FreeRTOS/Source/tasks.o
                0x0000000008004548                xTaskIncrementTick
 .text.vTaskSwitchContext
                0x00000000080046c4       0xb4 ./Middlewares/Third_Party/FreeRTOS/Source/tasks.o
                0x00000000080046c4                vTaskSwitchContext
 .text.vTaskPlaceOnEventList
                0x0000000008004778       0x48 ./Middlewares/Third_Party/FreeRTOS/Source/tasks.o
                0x0000000008004778                vTaskPlaceOnEventList
 .text.xTaskRemoveFromEventList
                0x00000000080047c0       0xc4 ./Middlewares/Third_Party/FreeRTOS/Source/tasks.o
                0x00000000080047c0                xTaskRemoveFromEventList
 .text.vTaskInternalSetTimeOutState
                0x0000000008004884       0x2c ./Middlewares/Third_Party/FreeRTOS/Source/tasks.o
                0x0000000008004884                vTaskInternalSetTimeOutState
 .text.xTaskCheckForTimeOut
                0x00000000080048b0       0xc4 ./Middlewares/Third_Party/FreeRTOS/Source/tasks.o
                0x00000000080048b0                xTaskCheckForTimeOut
 .text.vTaskMissedYield
                0x0000000008004974       0x18 ./Middlewares/Third_Party/FreeRTOS/Source/tasks.o
                0x0000000008004974                vTaskMissedYield
 .text.prvIdleTask
                0x000000000800498c       0x30 ./Middlewares/Third_Party/FreeRTOS/Source/tasks.o
 .text.prvInitialiseTaskLists
                0x00000000080049bc       0x80 ./Middlewares/Third_Party/FreeRTOS/Source/tasks.o
 .text.prvCheckTasksWaitingTermination
                0x0000000008004a3c       0x5c ./Middlewares/Third_Party/FreeRTOS/Source/tasks.o
 .text.prvDeleteTCB
                0x0000000008004a98       0x5e ./Middlewares/Third_Party/FreeRTOS/Source/tasks.o
 *fill*         0x0000000008004af6        0x2 
 .text.prvResetNextTaskUnblockTime
                0x0000000008004af8       0x48 ./Middlewares/Third_Party/FreeRTOS/Source/tasks.o
 .text.xTaskGetSchedulerState
                0x0000000008004b40       0x3c ./Middlewares/Third_Party/FreeRTOS/Source/tasks.o
                0x0000000008004b40                xTaskGetSchedulerState
 .text.xTaskPriorityInherit
                0x0000000008004b7c      0x10c ./Middlewares/Third_Party/FreeRTOS/Source/tasks.o
                0x0000000008004b7c                xTaskPriorityInherit
 .text.xTaskPriorityDisinherit
                0x0000000008004c88      0x10c ./Middlewares/Third_Party/FreeRTOS/Source/tasks.o
                0x0000000008004c88                xTaskPriorityDisinherit
 .text.vTaskPriorityDisinheritAfterTimeout
                0x0000000008004d94      0x140 ./Middlewares/Third_Party/FreeRTOS/Source/tasks.o
                0x0000000008004d94                vTaskPriorityDisinheritAfterTimeout
 .text.pvTaskIncrementMutexHeldCount
                0x0000000008004ed4       0x28 ./Middlewares/Third_Party/FreeRTOS/Source/tasks.o
                0x0000000008004ed4                pvTaskIncrementMutexHeldCount
 .text.prvAddCurrentTaskToDelayedList
                0x0000000008004efc       0xcc ./Middlewares/Third_Party/FreeRTOS/Source/tasks.o
 .text.pxPortInitialiseStack
                0x0000000008004fc8       0x58 ./Middlewares/Third_Party/FreeRTOS/Source/portable/GCC/ARM_CM3/port.o
                0x0000000008004fc8                pxPortInitialiseStack
 .text.prvTaskExitError
                0x0000000008005020       0x58 ./Middlewares/Third_Party/FreeRTOS/Source/portable/GCC/ARM_CM3/port.o
 *fill*         0x0000000008005078        0x8 
 .text.SVC_Handler
                0x0000000008005080       0x28 ./Middlewares/Third_Party/FreeRTOS/Source/portable/GCC/ARM_CM3/port.o
                0x0000000008005080                SVC_Handler
 .text.prvPortStartFirstTask
                0x00000000080050a8       0x20 ./Middlewares/Third_Party/FreeRTOS/Source/portable/GCC/ARM_CM3/port.o
 .text.xPortStartScheduler
                0x00000000080050c8       0xe4 ./Middlewares/Third_Party/FreeRTOS/Source/portable/GCC/ARM_CM3/port.o
                0x00000000080050c8                xPortStartScheduler
 .text.vPortEnterCritical
                0x00000000080051ac       0x60 ./Middlewares/Third_Party/FreeRTOS/Source/portable/GCC/ARM_CM3/port.o
                0x00000000080051ac                vPortEnterCritical
 .text.vPortExitCritical
                0x000000000800520c       0x50 ./Middlewares/Third_Party/FreeRTOS/Source/portable/GCC/ARM_CM3/port.o
                0x000000000800520c                vPortExitCritical
 *fill*         0x000000000800525c        0x4 
 .text.PendSV_Handler
                0x0000000008005260       0x48 ./Middlewares/Third_Party/FreeRTOS/Source/portable/GCC/ARM_CM3/port.o
                0x0000000008005260                PendSV_Handler
 .text.xPortSysTickHandler
                0x00000000080052a8       0x44 ./Middlewares/Third_Party/FreeRTOS/Source/portable/GCC/ARM_CM3/port.o
                0x00000000080052a8                xPortSysTickHandler
 .text.vPortSetupTimerInterrupt
                0x00000000080052ec       0x44 ./Middlewares/Third_Party/FreeRTOS/Source/portable/GCC/ARM_CM3/port.o
                0x00000000080052ec                vPortSetupTimerInterrupt
 .text.pvPortMalloc
                0x0000000008005330      0x188 ./Middlewares/Third_Party/FreeRTOS/Source/portable/MemMang/heap_4.o
                0x0000000008005330                pvPortMalloc
 .text.vPortFree
                0x00000000080054b8       0xb4 ./Middlewares/Third_Party/FreeRTOS/Source/portable/MemMang/heap_4.o
                0x00000000080054b8                vPortFree
 .text.prvHeapInit
                0x000000000800556c       0xc4 ./Middlewares/Third_Party/FreeRTOS/Source/portable/MemMang/heap_4.o
 .text.prvInsertBlockIntoFreeList
                0x0000000008005630       0xb0 ./Middlewares/Third_Party/FreeRTOS/Source/portable/MemMang/heap_4.o
 .text.sprintf  0x00000000080056e0       0x40 /Applications/STM32CubeIDE.app/Contents/Eclipse/plugins/com.st.stm32cube.ide.mcu.externaltools.gnu-tools-for-stm32.11.3.rel1.macos64_1.1.100.202310310803/tools/bin/../lib/gcc/arm-none-eabi/11.3.1/../../../../arm-none-eabi/lib/thumb/v7-m/nofp/libc_nano.a(libc_a-sprintf.o)
                0x00000000080056e0                sprintf
                0x00000000080056e0                siprintf
 .text.memset   0x0000000008005720       0x10 /Applications/STM32CubeIDE.app/Contents/Eclipse/plugins/com.st.stm32cube.ide.mcu.externaltools.gnu-tools-for-stm32.11.3.rel1.macos64_1.1.100.202310310803/tools/bin/../lib/gcc/arm-none-eabi/11.3.1/../../../../arm-none-eabi/lib/thumb/v7-m/nofp/libc_nano.a(libc_a-memset.o)
                0x0000000008005720                memset
 .text.__errno  0x0000000008005730        0xc /Applications/STM32CubeIDE.app/Contents/Eclipse/plugins/com.st.stm32cube.ide.mcu.externaltools.gnu-tools-for-stm32.11.3.rel1.macos64_1.1.100.202310310803/tools/bin/../lib/gcc/arm-none-eabi/11.3.1/../../../../arm-none-eabi/lib/thumb/v7-m/nofp/libc_nano.a(libc_a-errno.o)
                0x0000000008005730                __errno
 .text.__libc_init_array
                0x000000000800573c       0x48 /Applications/STM32CubeIDE.app/Contents/Eclipse/plugins/com.st.stm32cube.ide.mcu.externaltools.gnu-tools-for-stm32.11.3.rel1.macos64_1.1.100.202310310803/tools/bin/../lib/gcc/arm-none-eabi/11.3.1/../../../../arm-none-eabi/lib/thumb/v7-m/nofp/libc_nano.a(libc_a-init.o)
                0x000000000800573c                __libc_init_array
 .text.__retarget_lock_acquire_recursive
                0x0000000008005784        0x2 /Applications/STM32CubeIDE.app/Contents/Eclipse/plugins/com.st.stm32cube.ide.mcu.externaltools.gnu-tools-for-stm32.11.3.rel1.macos64_1.1.100.202310310803/tools/bin/../lib/gcc/arm-none-eabi/11.3.1/../../../../arm-none-eabi/lib/thumb/v7-m/nofp/libc_nano.a(libc_a-lock.o)
                0x0000000008005784                __retarget_lock_acquire_recursive
 .text.__retarget_lock_release_recursive
                0x0000000008005786        0x2 /Applications/STM32CubeIDE.app/Contents/Eclipse/plugins/com.st.stm32cube.ide.mcu.externaltools.gnu-tools-for-stm32.11.3.rel1.macos64_1.1.100.202310310803/tools/bin/../lib/gcc/arm-none-eabi/11.3.1/../../../../arm-none-eabi/lib/thumb/v7-m/nofp/libc_nano.a(libc_a-lock.o)
                0x0000000008005786                __retarget_lock_release_recursive
 .text.memcpy   0x0000000008005788       0x1c /Applications/STM32CubeIDE.app/Contents/Eclipse/plugins/com.st.stm32cube.ide.mcu.externaltools.gnu-tools-for-stm32.11.3.rel1.macos64_1.1.100.202310310803/tools/bin/../lib/gcc/arm-none-eabi/11.3.1/../../../../arm-none-eabi/lib/thumb/v7-m/nofp/libc_nano.a(libc_a-memcpy-stub.o)
                0x0000000008005788                memcpy
 .text.__ssputs_r
                0x00000000080057a4       0xb4 /Applications/STM32CubeIDE.app/Contents/Eclipse/plugins/com.st.stm32cube.ide.mcu.externaltools.gnu-tools-for-stm32.11.3.rel1.macos64_1.1.100.202310310803/tools/bin/../lib/gcc/arm-none-eabi/11.3.1/../../../../arm-none-eabi/lib/thumb/v7-m/nofp/libc_nano.a(libc_a-nano-svfprintf.o)
                0x00000000080057a4                __ssputs_r
 .text._svfprintf_r
                0x0000000008005858      0x1fc /Applications/STM32CubeIDE.app/Contents/Eclipse/plugins/com.st.stm32cube.ide.mcu.externaltools.gnu-tools-for-stm32.11.3.rel1.macos64_1.1.100.202310310803/tools/bin/../lib/gcc/arm-none-eabi/11.3.1/../../../../arm-none-eabi/lib/thumb/v7-m/nofp/libc_nano.a(libc_a-nano-svfprintf.o)
                0x0000000008005858                _svfprintf_r
                0x0000000008005858                _svfiprintf_r
 .text.sbrk_aligned
                0x0000000008005a54       0x40 /Applications/STM32CubeIDE.app/Contents/Eclipse/plugins/com.st.stm32cube.ide.mcu.externaltools.gnu-tools-for-stm32.11.3.rel1.macos64_1.1.100.202310310803/tools/bin/../lib/gcc/arm-none-eabi/11.3.1/../../../../arm-none-eabi/lib/thumb/v7-m/nofp/libc_nano.a(libc_a-mallocr.o)
 .text._malloc_r
                0x0000000008005a94      0x100 /Applications/STM32CubeIDE.app/Contents/Eclipse/plugins/com.st.stm32cube.ide.mcu.externaltools.gnu-tools-for-stm32.11.3.rel1.macos64_1.1.100.202310310803/tools/bin/../lib/gcc/arm-none-eabi/11.3.1/../../../../arm-none-eabi/lib/thumb/v7-m/nofp/libc_nano.a(libc_a-mallocr.o)
                0x0000000008005a94                _malloc_r
 .text._printf_common
                0x0000000008005b94       0xe4 /Applications/STM32CubeIDE.app/Contents/Eclipse/plugins/com.st.stm32cube.ide.mcu.externaltools.gnu-tools-for-stm32.11.3.rel1.macos64_1.1.100.202310310803/tools/bin/../lib/gcc/arm-none-eabi/11.3.1/../../../../arm-none-eabi/lib/thumb/v7-m/nofp/libc_nano.a(libc_a-nano-vfprintf_i.o)
                0x0000000008005b94                _printf_common
 .text._printf_i
                0x0000000008005c78      0x244 /Applications/STM32CubeIDE.app/Contents/Eclipse/plugins/com.st.stm32cube.ide.mcu.externaltools.gnu-tools-for-stm32.11.3.rel1.macos64_1.1.100.202310310803/tools/bin/../lib/gcc/arm-none-eabi/11.3.1/../../../../arm-none-eabi/lib/thumb/v7-m/nofp/libc_nano.a(libc_a-nano-vfprintf_i.o)
                0x0000000008005c78                _printf_i
 .text.__malloc_lock
                0x0000000008005ebc        0xc /Applications/STM32CubeIDE.app/Contents/Eclipse/plugins/com.st.stm32cube.ide.mcu.externaltools.gnu-tools-for-stm32.11.3.rel1.macos64_1.1.100.202310310803/tools/bin/../lib/gcc/arm-none-eabi/11.3.1/../../../../arm-none-eabi/lib/thumb/v7-m/nofp/libc_nano.a(libc_a-mlock.o)
                0x0000000008005ebc                __malloc_lock
 .text.__malloc_unlock
                0x0000000008005ec8        0xc /Applications/STM32CubeIDE.app/Contents/Eclipse/plugins/com.st.stm32cube.ide.mcu.externaltools.gnu-tools-for-stm32.11.3.rel1.macos64_1.1.100.202310310803/tools/bin/../lib/gcc/arm-none-eabi/11.3.1/../../../../arm-none-eabi/lib/thumb/v7-m/nofp/libc_nano.a(libc_a-mlock.o)
                0x0000000008005ec8                __malloc_unlock
 .text._realloc_r
                0x0000000008005ed4       0x5e /Applications/STM32CubeIDE.app/Contents/Eclipse/plugins/com.st.stm32cube.ide.mcu.externaltools.gnu-tools-for-stm32.11.3.rel1.macos64_1.1.100.202310310803/tools/bin/../lib/gcc/arm-none-eabi/11.3.1/../../../../arm-none-eabi/lib/thumb/v7-m/nofp/libc_nano.a(libc_a-reallocr.o)
                0x0000000008005ed4                _realloc_r
 .text.memmove  0x0000000008005f32       0x34 /Applications/STM32CubeIDE.app/Contents/Eclipse/plugins/com.st.stm32cube.ide.mcu.externaltools.gnu-tools-for-stm32.11.3.rel1.macos64_1.1.100.202310310803/tools/bin/../lib/gcc/arm-none-eabi/11.3.1/../../../../arm-none-eabi/lib/thumb/v7-m/nofp/libc_nano.a(libc_a-memmove.o)
                0x0000000008005f32                memmove
 *fill*         0x0000000008005f66        0x2 
 .text._sbrk_r  0x0000000008005f68       0x20 /Applications/STM32CubeIDE.app/Contents/Eclipse/plugins/com.st.stm32cube.ide.mcu.externaltools.gnu-tools-for-stm32.11.3.rel1.macos64_1.1.100.202310310803/tools/bin/../lib/gcc/arm-none-eabi/11.3.1/../../../../arm-none-eabi/lib/thumb/v7-m/nofp/libc_nano.a(libc_a-sbrkr.o)
                0x0000000008005f68                _sbrk_r
 .text.memchr   0x0000000008005f88       0x1c /Applications/STM32CubeIDE.app/Contents/Eclipse/plugins/com.st.stm32cube.ide.mcu.externaltools.gnu-tools-for-stm32.11.3.rel1.macos64_1.1.100.202310310803/tools/bin/../lib/gcc/arm-none-eabi/11.3.1/../../../../arm-none-eabi/lib/thumb/v7-m/nofp/libc_nano.a(libc_a-memchr-stub.o)
                0x0000000008005f88                memchr
 .text._free_r  0x0000000008005fa4       0x90 /Applications/STM32CubeIDE.app/Contents/Eclipse/plugins/com.st.stm32cube.ide.mcu.externaltools.gnu-tools-for-stm32.11.3.rel1.macos64_1.1.100.202310310803/tools/bin/../lib/gcc/arm-none-eabi/11.3.1/../../../../arm-none-eabi/lib/thumb/v7-m/nofp/libc_nano.a(libc_a-freer.o)
                0x0000000008005fa4                _free_r
 .text._malloc_usable_size_r
                0x0000000008006034       0x10 /Applications/STM32CubeIDE.app/Contents/Eclipse/plugins/com.st.stm32cube.ide.mcu.externaltools.gnu-tools-for-stm32.11.3.rel1.macos64_1.1.100.202310310803/tools/bin/../lib/gcc/arm-none-eabi/11.3.1/../../../../arm-none-eabi/lib/thumb/v7-m/nofp/libc_nano.a(libc_a-msizer.o)
                0x0000000008006034                _malloc_usable_size_r
 *(.glue_7)
 .glue_7        0x0000000008006044        0x0 linker stubs
 *(.glue_7t)
 .glue_7t       0x0000000008006044        0x0 linker stubs
 *(.eh_frame)
 .eh_frame      0x0000000008006044        0x0 /Applications/STM32CubeIDE.app/Contents/Eclipse/plugins/com.st.stm32cube.ide.mcu.externaltools.gnu-tools-for-stm32.11.3.rel1.macos64_1.1.100.202310310803/tools/bin/../lib/gcc/arm-none-eabi/11.3.1/thumb/v7-m/nofp/crtbegin.o
 *(.init)
 .init          0x0000000008006044        0x4 /Applications/STM32CubeIDE.app/Contents/Eclipse/plugins/com.st.stm32cube.ide.mcu.externaltools.gnu-tools-for-stm32.11.3.rel1.macos64_1.1.100.202310310803/tools/bin/../lib/gcc/arm-none-eabi/11.3.1/thumb/v7-m/nofp/crti.o
                0x0000000008006044                _init
 .init          0x0000000008006048        0x8 /Applications/STM32CubeIDE.app/Contents/Eclipse/plugins/com.st.stm32cube.ide.mcu.externaltools.gnu-tools-for-stm32.11.3.rel1.macos64_1.1.100.202310310803/tools/bin/../lib/gcc/arm-none-eabi/11.3.1/thumb/v7-m/nofp/crtn.o
 *(.fini)
 .fini          0x0000000008006050        0x4 /Applications/STM32CubeIDE.app/Contents/Eclipse/plugins/com.st.stm32cube.ide.mcu.externaltools.gnu-tools-for-stm32.11.3.rel1.macos64_1.1.100.202310310803/tools/bin/../lib/gcc/arm-none-eabi/11.3.1/thumb/v7-m/nofp/crti.o
                0x0000000008006050                _fini
 .fini          0x0000000008006054        0x8 /Applications/STM32CubeIDE.app/Contents/Eclipse/plugins/com.st.stm32cube.ide.mcu.externaltools.gnu-tools-for-stm32.11.3.rel1.macos64_1.1.100.202310310803/tools/bin/../lib/gcc/arm-none-eabi/11.3.1/thumb/v7-m/nofp/crtn.o
                0x000000000800605c                . = ALIGN (0x4)
                0x000000000800605c                _etext = .

.vfp11_veneer   0x000000000800605c        0x0
 .vfp11_veneer  0x000000000800605c        0x0 linker stubs

.v4_bx          0x000000000800605c        0x0
 .v4_bx         0x000000000800605c        0x0 linker stubs

.iplt           0x000000000800605c        0x0
 .iplt          0x000000000800605c        0x0 /Applications/STM32CubeIDE.app/Contents/Eclipse/plugins/com.st.stm32cube.ide.mcu.externaltools.gnu-tools-for-stm32.11.3.rel1.macos64_1.1.100.202310310803/tools/bin/../lib/gcc/arm-none-eabi/11.3.1/thumb/v7-m/nofp/crtbegin.o

.rodata         0x000000000800605c       0xdc
                0x000000000800605c                . = ALIGN (0x4)
 *(.rodata)
 .rodata        0x000000000800605c       0x7a ./Core/Src/main.o
 *fill*         0x00000000080060d6        0x2 
 .rodata        0x00000000080060d8        0x5 ./Middlewares/Third_Party/FreeRTOS/Source/tasks.o
 *(.rodata*)
 *fill*         0x00000000080060dd        0x3 
 .rodata.AHBPrescTable
                0x00000000080060e0       0x10 ./Core/Src/system_stm32f1xx.o
                0x00000000080060e0                AHBPrescTable
 .rodata.aPLLMULFactorTable.1
                0x00000000080060f0       0x10 ./Drivers/STM32F1xx_HAL_Driver/Src/stm32f1xx_hal_rcc.o
 .rodata.aPredivFactorTable.0
                0x0000000008006100        0x2 ./Drivers/STM32F1xx_HAL_Driver/Src/stm32f1xx_hal_rcc.o
 .rodata._svfprintf_r.str1.1
                0x0000000008006102       0x11 /Applications/STM32CubeIDE.app/Contents/Eclipse/plugins/com.st.stm32cube.ide.mcu.externaltools.gnu-tools-for-stm32.11.3.rel1.macos64_1.1.100.202310310803/tools/bin/../lib/gcc/arm-none-eabi/11.3.1/../../../../arm-none-eabi/lib/thumb/v7-m/nofp/libc_nano.a(libc_a-nano-svfprintf.o)
 .rodata._printf_i.str1.1
                0x0000000008006113       0x22 /Applications/STM32CubeIDE.app/Contents/Eclipse/plugins/com.st.stm32cube.ide.mcu.externaltools.gnu-tools-for-stm32.11.3.rel1.macos64_1.1.100.202310310803/tools/bin/../lib/gcc/arm-none-eabi/11.3.1/../../../../arm-none-eabi/lib/thumb/v7-m/nofp/libc_nano.a(libc_a-nano-vfprintf_i.o)
                0x0000000008006138                . = ALIGN (0x4)
 *fill*         0x0000000008006135        0x3 

.rel.dyn        0x0000000008006138        0x0
 .rel.iplt      0x0000000008006138        0x0 /Applications/STM32CubeIDE.app/Contents/Eclipse/plugins/com.st.stm32cube.ide.mcu.externaltools.gnu-tools-for-stm32.11.3.rel1.macos64_1.1.100.202310310803/tools/bin/../lib/gcc/arm-none-eabi/11.3.1/thumb/v7-m/nofp/crtbegin.o

.ARM.extab      0x0000000008006138        0x0
                0x0000000008006138                . = ALIGN (0x4)
 *(.ARM.extab* .gnu.linkonce.armextab.*)
                0x0000000008006138                . = ALIGN (0x4)

.ARM            0x0000000008006138        0x0
                0x0000000008006138                . = ALIGN (0x4)
                0x0000000008006138                __exidx_start = .
 *(.ARM.exidx*)
                0x0000000008006138                __exidx_end = .
                0x0000000008006138                . = ALIGN (0x4)

.preinit_array  0x0000000008006138        0x0
                0x0000000008006138                . = ALIGN (0x4)
                0x0000000008006138                PROVIDE (__preinit_array_start = .)
 *(.preinit_array*)
                0x0000000008006138                PROVIDE (__preinit_array_end = .)
                0x0000000008006138                . = ALIGN (0x4)

.init_array     0x0000000008006138        0x4
                0x0000000008006138                . = ALIGN (0x4)
                0x0000000008006138                PROVIDE (__init_array_start = .)
 *(SORT_BY_NAME(.init_array.*))
 *(.init_array*)
 .init_array    0x0000000008006138        0x4 /Applications/STM32CubeIDE.app/Contents/Eclipse/plugins/com.st.stm32cube.ide.mcu.externaltools.gnu-tools-for-stm32.11.3.rel1.macos64_1.1.100.202310310803/tools/bin/../lib/gcc/arm-none-eabi/11.3.1/thumb/v7-m/nofp/crtbegin.o
                0x000000000800613c                PROVIDE (__init_array_end = .)
                0x000000000800613c                . = ALIGN (0x4)

.fini_array     0x000000000800613c        0x4
                0x000000000800613c                . = ALIGN (0x4)
                [!provide]                        PROVIDE (__fini_array_start = .)
 *(SORT_BY_NAME(.fini_array.*))
 *(.fini_array*)
 .fini_array    0x000000000800613c        0x4 /Applications/STM32CubeIDE.app/Contents/Eclipse/plugins/com.st.stm32cube.ide.mcu.externaltools.gnu-tools-for-stm32.11.3.rel1.macos64_1.1.100.202310310803/tools/bin/../lib/gcc/arm-none-eabi/11.3.1/thumb/v7-m/nofp/crtbegin.o
                [!provide]                        PROVIDE (__fini_array_end = .)
                0x0000000008006140                . = ALIGN (0x4)
                0x0000000008006140                _sidata = LOADADDR (.data)

.data           0x0000000020000000       0x68 load address 0x0000000008006140
                0x0000000020000000                . = ALIGN (0x4)
                0x0000000020000000                _sdata = .
 *(.data)
 *(.data*)
 .data.desiredDistance
                0x0000000020000000        0x2 ./Core/Src/main.o
                0x0000000020000000                desiredDistance
 *fill*         0x0000000020000002        0x2 
 .data.SampleTime
                0x0000000020000004        0x4 ./Core/Src/main.o
                0x0000000020000004                SampleTime
 .data.SystemCoreClock
                0x0000000020000008        0x4 ./Core/Src/system_stm32f1xx.o
                0x0000000020000008                SystemCoreClock
 .data.uwTickPrio
                0x000000002000000c        0x4 ./Drivers/STM32F1xx_HAL_Driver/Src/stm32f1xx_hal.o
                0x000000002000000c                uwTickPrio
 .data.uwTickFreq
                0x0000000020000010        0x1 ./Drivers/STM32F1xx_HAL_Driver/Src/stm32f1xx_hal.o
                0x0000000020000010                uwTickFreq
 *fill*         0x0000000020000011        0x3 
 .data.uxCriticalNesting
                0x0000000020000014        0x4 ./Middlewares/Third_Party/FreeRTOS/Source/portable/GCC/ARM_CM3/port.o
 .data._impure_data
                0x0000000020000018       0x4c /Applications/STM32CubeIDE.app/Contents/Eclipse/plugins/com.st.stm32cube.ide.mcu.externaltools.gnu-tools-for-stm32.11.3.rel1.macos64_1.1.100.202310310803/tools/bin/../lib/gcc/arm-none-eabi/11.3.1/../../../../arm-none-eabi/lib/thumb/v7-m/nofp/libc_nano.a(libc_a-impure.o)
                0x0000000020000018                _impure_data
 .data._impure_ptr
                0x0000000020000064        0x4 /Applications/STM32CubeIDE.app/Contents/Eclipse/plugins/com.st.stm32cube.ide.mcu.externaltools.gnu-tools-for-stm32.11.3.rel1.macos64_1.1.100.202310310803/tools/bin/../lib/gcc/arm-none-eabi/11.3.1/../../../../arm-none-eabi/lib/thumb/v7-m/nofp/libc_nano.a(libc_a-impure.o)
                0x0000000020000064                _impure_ptr
 *(.RamFunc)
 *(.RamFunc*)
                0x0000000020000068                . = ALIGN (0x4)
                0x0000000020000068                _edata = .

.igot.plt       0x0000000020000068        0x0 load address 0x00000000080061a8
 .igot.plt      0x0000000020000068        0x0 /Applications/STM32CubeIDE.app/Contents/Eclipse/plugins/com.st.stm32cube.ide.mcu.externaltools.gnu-tools-for-stm32.11.3.rel1.macos64_1.1.100.202310310803/tools/bin/../lib/gcc/arm-none-eabi/11.3.1/thumb/v7-m/nofp/crtbegin.o
                0x0000000020000068                . = ALIGN (0x4)

.bss            0x0000000020000068     0x1288 load address 0x00000000080061a8
                0x0000000020000068                _sbss = .
                0x0000000020000068                __bss_start__ = _sbss
 *(.bss)
 .bss           0x0000000020000068       0x1c /Applications/STM32CubeIDE.app/Contents/Eclipse/plugins/com.st.stm32cube.ide.mcu.externaltools.gnu-tools-for-stm32.11.3.rel1.macos64_1.1.100.202310310803/tools/bin/../lib/gcc/arm-none-eabi/11.3.1/thumb/v7-m/nofp/crtbegin.o
 *(.bss*)
 .bss.xIdleTaskTCBBuffer
                0x0000000020000084       0x54 ./Core/Src/freertos.o
 .bss.xIdleStack
                0x00000000200000d8      0x200 ./Core/Src/freertos.o
 .bss.htim1     0x00000000200002d8       0x48 ./Core/Src/main.o
                0x00000000200002d8                htim1
 .bss.htim2     0x0000000020000320       0x48 ./Core/Src/main.o
                0x0000000020000320                htim2
 .bss.htim3     0x0000000020000368       0x48 ./Core/Src/main.o
                0x0000000020000368                htim3
 .bss.htim4     0x00000000200003b0       0x48 ./Core/Src/main.o
                0x00000000200003b0                htim4
 .bss.centerpMillis
                0x00000000200003f8        0x4 ./Core/Src/main.o
                0x00000000200003f8                centerpMillis
 .bss.centerValue1
                0x00000000200003fc        0x4 ./Core/Src/main.o
                0x00000000200003fc                centerValue1
 .bss.centerValue2
                0x0000000020000400        0x4 ./Core/Src/main.o
                0x0000000020000400                centerValue2
 .bss.centerDistance
                0x0000000020000404        0x2 ./Core/Src/main.o
                0x0000000020000404                centerDistance
 *fill*         0x0000000020000406        0x2 
 .bss.leftpMillis
                0x0000000020000408        0x4 ./Core/Src/main.o
                0x0000000020000408                leftpMillis
 .bss.leftValue1
                0x000000002000040c        0x4 ./Core/Src/main.o
                0x000000002000040c                leftValue1
 .bss.leftValue2
                0x0000000020000410        0x4 ./Core/Src/main.o
                0x0000000020000410                leftValue2
 .bss.leftDistance
                0x0000000020000414        0x2 ./Core/Src/main.o
                0x0000000020000414                leftDistance
 *fill*         0x0000000020000416        0x2 
 .bss.rightpMillis
                0x0000000020000418        0x4 ./Core/Src/main.o
                0x0000000020000418                rightpMillis
 .bss.rightValue1
                0x000000002000041c        0x4 ./Core/Src/main.o
                0x000000002000041c                rightValue1
 .bss.rightValue2
                0x0000000020000420        0x4 ./Core/Src/main.o
                0x0000000020000420                rightValue2
 .bss.rightDistance
                0x0000000020000424        0x2 ./Core/Src/main.o
                0x0000000020000424                rightDistance
 .bss.error     0x0000000020000426        0x2 ./Core/Src/main.o
                0x0000000020000426                error
 .bss.preverror
                0x0000000020000428        0x4 ./Core/Src/main.o
                0x0000000020000428                preverror
 .bss.pwmR      0x000000002000042c        0x4 ./Core/Src/main.o
                0x000000002000042c                pwmR
 .bss.pwmL      0x0000000020000430        0x4 ./Core/Src/main.o
                0x0000000020000430                pwmL
 .bss.sum       0x0000000020000434        0x4 ./Core/Src/main.o
                0x0000000020000434                sum
 .bss.propotional
                0x0000000020000438        0x4 ./Core/Src/main.o
                0x0000000020000438                propotional
 .bss.integral  0x000000002000043c        0x4 ./Core/Src/main.o
                0x000000002000043c                integral
 .bss.derivative
                0x0000000020000440        0x4 ./Core/Src/main.o
                0x0000000020000440                derivative
 .bss.buf       0x0000000020000444        0xa ./Core/Src/main.o
                0x0000000020000444                buf
 *fill*         0x000000002000044e        0x2 
 .bss.TaskMutex
                0x0000000020000450        0x4 ./Core/Src/main.o
                0x0000000020000450                TaskMutex
 .bss.__sbrk_heap_end
                0x0000000020000454        0x4 ./Core/Src/sysmem.o
 .bss.uwTick    0x0000000020000458        0x4 ./Drivers/STM32F1xx_HAL_Driver/Src/stm32f1xx_hal.o
                0x0000000020000458                uwTick
 .bss.pxCurrentTCB
                0x000000002000045c        0x4 ./Middlewares/Third_Party/FreeRTOS/Source/tasks.o
                0x000000002000045c                pxCurrentTCB
 .bss.pxReadyTasksLists
                0x0000000020000460       0x8c ./Middlewares/Third_Party/FreeRTOS/Source/tasks.o
 .bss.xDelayedTaskList1
                0x00000000200004ec       0x14 ./Middlewares/Third_Party/FreeRTOS/Source/tasks.o
 .bss.xDelayedTaskList2
                0x0000000020000500       0x14 ./Middlewares/Third_Party/FreeRTOS/Source/tasks.o
 .bss.pxDelayedTaskList
                0x0000000020000514        0x4 ./Middlewares/Third_Party/FreeRTOS/Source/tasks.o
 .bss.pxOverflowDelayedTaskList
                0x0000000020000518        0x4 ./Middlewares/Third_Party/FreeRTOS/Source/tasks.o
 .bss.xPendingReadyList
                0x000000002000051c       0x14 ./Middlewares/Third_Party/FreeRTOS/Source/tasks.o
 .bss.xTasksWaitingTermination
                0x0000000020000530       0x14 ./Middlewares/Third_Party/FreeRTOS/Source/tasks.o
 .bss.uxDeletedTasksWaitingCleanUp
                0x0000000020000544        0x4 ./Middlewares/Third_Party/FreeRTOS/Source/tasks.o
 .bss.xSuspendedTaskList
                0x0000000020000548       0x14 ./Middlewares/Third_Party/FreeRTOS/Source/tasks.o
 .bss.uxCurrentNumberOfTasks
                0x000000002000055c        0x4 ./Middlewares/Third_Party/FreeRTOS/Source/tasks.o
 .bss.xTickCount
                0x0000000020000560        0x4 ./Middlewares/Third_Party/FreeRTOS/Source/tasks.o
 .bss.uxTopReadyPriority
                0x0000000020000564        0x4 ./Middlewares/Third_Party/FreeRTOS/Source/tasks.o
 .bss.xSchedulerRunning
                0x0000000020000568        0x4 ./Middlewares/Third_Party/FreeRTOS/Source/tasks.o
 .bss.uxPendedTicks
                0x000000002000056c        0x4 ./Middlewares/Third_Party/FreeRTOS/Source/tasks.o
 .bss.xYieldPending
                0x0000000020000570        0x4 ./Middlewares/Third_Party/FreeRTOS/Source/tasks.o
 .bss.xNumOfOverflows
                0x0000000020000574        0x4 ./Middlewares/Third_Party/FreeRTOS/Source/tasks.o
 .bss.uxTaskNumber
                0x0000000020000578        0x4 ./Middlewares/Third_Party/FreeRTOS/Source/tasks.o
 .bss.xNextTaskUnblockTime
                0x000000002000057c        0x4 ./Middlewares/Third_Party/FreeRTOS/Source/tasks.o
 .bss.xIdleTaskHandle
                0x0000000020000580        0x4 ./Middlewares/Third_Party/FreeRTOS/Source/tasks.o
 .bss.uxSchedulerSuspended
                0x0000000020000584        0x4 ./Middlewares/Third_Party/FreeRTOS/Source/tasks.o
 .bss.ucMaxSysCallPriority
                0x0000000020000588        0x1 ./Middlewares/Third_Party/FreeRTOS/Source/portable/GCC/ARM_CM3/port.o
 *fill*         0x0000000020000589        0x3 
 .bss.ulMaxPRIGROUPValue
                0x000000002000058c        0x4 ./Middlewares/Third_Party/FreeRTOS/Source/portable/GCC/ARM_CM3/port.o
 .bss.ucHeap    0x0000000020000590      0xc00 ./Middlewares/Third_Party/FreeRTOS/Source/portable/MemMang/heap_4.o
 .bss.xStart    0x0000000020001190        0x8 ./Middlewares/Third_Party/FreeRTOS/Source/portable/MemMang/heap_4.o
 .bss.pxEnd     0x0000000020001198        0x4 ./Middlewares/Third_Party/FreeRTOS/Source/portable/MemMang/heap_4.o
 .bss.xFreeBytesRemaining
                0x000000002000119c        0x4 ./Middlewares/Third_Party/FreeRTOS/Source/portable/MemMang/heap_4.o
 .bss.xMinimumEverFreeBytesRemaining
                0x00000000200011a0        0x4 ./Middlewares/Third_Party/FreeRTOS/Source/portable/MemMang/heap_4.o
 .bss.xBlockAllocatedBit
                0x00000000200011a4        0x4 ./Middlewares/Third_Party/FreeRTOS/Source/portable/MemMang/heap_4.o
 .bss.__sf      0x00000000200011a8      0x138 /Applications/STM32CubeIDE.app/Contents/Eclipse/plugins/com.st.stm32cube.ide.mcu.externaltools.gnu-tools-for-stm32.11.3.rel1.macos64_1.1.100.202310310803/tools/bin/../lib/gcc/arm-none-eabi/11.3.1/../../../../arm-none-eabi/lib/thumb/v7-m/nofp/libc_nano.a(libc_a-findfp.o)
                0x00000000200011a8                __sf
 .bss.__lock___malloc_recursive_mutex
                0x00000000200012e0        0x1 /Applications/STM32CubeIDE.app/Contents/Eclipse/plugins/com.st.stm32cube.ide.mcu.externaltools.gnu-tools-for-stm32.11.3.rel1.macos64_1.1.100.202310310803/tools/bin/../lib/gcc/arm-none-eabi/11.3.1/../../../../arm-none-eabi/lib/thumb/v7-m/nofp/libc_nano.a(libc_a-lock.o)
                0x00000000200012e0                __lock___malloc_recursive_mutex
 *fill*         0x00000000200012e1        0x3 
 .bss.__malloc_free_list
                0x00000000200012e4        0x4 /Applications/STM32CubeIDE.app/Contents/Eclipse/plugins/com.st.stm32cube.ide.mcu.externaltools.gnu-tools-for-stm32.11.3.rel1.macos64_1.1.100.202310310803/tools/bin/../lib/gcc/arm-none-eabi/11.3.1/../../../../arm-none-eabi/lib/thumb/v7-m/nofp/libc_nano.a(libc_a-mallocr.o)
                0x00000000200012e4                __malloc_free_list
 .bss.__malloc_sbrk_start
                0x00000000200012e8        0x4 /Applications/STM32CubeIDE.app/Contents/Eclipse/plugins/com.st.stm32cube.ide.mcu.externaltools.gnu-tools-for-stm32.11.3.rel1.macos64_1.1.100.202310310803/tools/bin/../lib/gcc/arm-none-eabi/11.3.1/../../../../arm-none-eabi/lib/thumb/v7-m/nofp/libc_nano.a(libc_a-mallocr.o)
                0x00000000200012e8                __malloc_sbrk_start
 .bss.errno     0x00000000200012ec        0x4 /Applications/STM32CubeIDE.app/Contents/Eclipse/plugins/com.st.stm32cube.ide.mcu.externaltools.gnu-tools-for-stm32.11.3.rel1.macos64_1.1.100.202310310803/tools/bin/../lib/gcc/arm-none-eabi/11.3.1/../../../../arm-none-eabi/lib/thumb/v7-m/nofp/libc_nano.a(libc_a-reent.o)
                0x00000000200012ec                errno
 *(COMMON)
                0x00000000200012f0                . = ALIGN (0x4)
                0x00000000200012f0                _ebss = .
                0x00000000200012f0                __bss_end__ = _ebss

._user_heap_stack
                0x00000000200012f0      0x600 load address 0x00000000080061a8
                0x00000000200012f0                . = ALIGN (0x8)
                [!provide]                        PROVIDE (end = .)
                0x00000000200012f0                PROVIDE (_end = .)
                0x00000000200014f0                . = (. + _Min_Heap_Size)
 *fill*         0x00000000200012f0      0x200 
                0x00000000200018f0                . = (. + _Min_Stack_Size)
 *fill*         0x00000000200014f0      0x400 
                0x00000000200018f0                . = ALIGN (0x8)

/DISCARD/
 libc.a(*)
 libm.a(*)
 libgcc.a(*)

.ARM.attributes
                0x0000000000000000       0x29
 *(.ARM.attributes)
 .ARM.attributes
                0x0000000000000000       0x1d /Applications/STM32CubeIDE.app/Contents/Eclipse/plugins/com.st.stm32cube.ide.mcu.externaltools.gnu-tools-for-stm32.11.3.rel1.macos64_1.1.100.202310310803/tools/bin/../lib/gcc/arm-none-eabi/11.3.1/thumb/v7-m/nofp/crti.o
 .ARM.attributes
                0x000000000000001d       0x2d /Applications/STM32CubeIDE.app/Contents/Eclipse/plugins/com.st.stm32cube.ide.mcu.externaltools.gnu-tools-for-stm32.11.3.rel1.macos64_1.1.100.202310310803/tools/bin/../lib/gcc/arm-none-eabi/11.3.1/thumb/v7-m/nofp/crtbegin.o
 .ARM.attributes
                0x000000000000004a       0x2d ./Core/Src/LCD1602.o
 .ARM.attributes
                0x0000000000000077       0x2d ./Core/Src/freertos.o
 .ARM.attributes
                0x00000000000000a4       0x2d ./Core/Src/main.o
 .ARM.attributes
                0x00000000000000d1       0x2d ./Core/Src/stm32f1xx_hal_msp.o
 .ARM.attributes
                0x00000000000000fe       0x2d ./Core/Src/stm32f1xx_it.o
 .ARM.attributes
                0x000000000000012b       0x2d ./Core/Src/sysmem.o
 .ARM.attributes
                0x0000000000000158       0x2d ./Core/Src/system_stm32f1xx.o
 .ARM.attributes
                0x0000000000000185       0x21 ./Core/Startup/startup_stm32f103c8tx.o
 .ARM.attributes
                0x00000000000001a6       0x2d ./Drivers/STM32F1xx_HAL_Driver/Src/stm32f1xx_hal.o
 .ARM.attributes
                0x00000000000001d3       0x2d ./Drivers/STM32F1xx_HAL_Driver/Src/stm32f1xx_hal_cortex.o
 .ARM.attributes
                0x0000000000000200       0x2d ./Drivers/STM32F1xx_HAL_Driver/Src/stm32f1xx_hal_gpio.o
 .ARM.attributes
                0x000000000000022d       0x2d ./Drivers/STM32F1xx_HAL_Driver/Src/stm32f1xx_hal_rcc.o
 .ARM.attributes
                0x000000000000025a       0x2d ./Drivers/STM32F1xx_HAL_Driver/Src/stm32f1xx_hal_tim.o
 .ARM.attributes
                0x0000000000000287       0x2d ./Drivers/STM32F1xx_HAL_Driver/Src/stm32f1xx_hal_tim_ex.o
 .ARM.attributes
                0x00000000000002b4       0x2d ./Middlewares/Third_Party/FreeRTOS/Source/list.o
 .ARM.attributes
                0x00000000000002e1       0x2d ./Middlewares/Third_Party/FreeRTOS/Source/queue.o
 .ARM.attributes
                0x000000000000030e       0x2d ./Middlewares/Third_Party/FreeRTOS/Source/tasks.o
 .ARM.attributes
                0x000000000000033b       0x2d ./Middlewares/Third_Party/FreeRTOS/Source/portable/GCC/ARM_CM3/port.o
 .ARM.attributes
                0x0000000000000368       0x2d ./Middlewares/Third_Party/FreeRTOS/Source/portable/MemMang/heap_4.o
 .ARM.attributes
                0x0000000000000395       0x2d /Applications/STM32CubeIDE.app/Contents/Eclipse/plugins/com.st.stm32cube.ide.mcu.externaltools.gnu-tools-for-stm32.11.3.rel1.macos64_1.1.100.202310310803/tools/bin/../lib/gcc/arm-none-eabi/11.3.1/../../../../arm-none-eabi/lib/thumb/v7-m/nofp/libc_nano.a(libc_a-sprintf.o)
 .ARM.attributes
                0x00000000000003c2       0x2d /Applications/STM32CubeIDE.app/Contents/Eclipse/plugins/com.st.stm32cube.ide.mcu.externaltools.gnu-tools-for-stm32.11.3.rel1.macos64_1.1.100.202310310803/tools/bin/../lib/gcc/arm-none-eabi/11.3.1/../../../../arm-none-eabi/lib/thumb/v7-m/nofp/libc_nano.a(libc_a-findfp.o)
 .ARM.attributes
                0x00000000000003ef       0x2d /Applications/STM32CubeIDE.app/Contents/Eclipse/plugins/com.st.stm32cube.ide.mcu.externaltools.gnu-tools-for-stm32.11.3.rel1.macos64_1.1.100.202310310803/tools/bin/../lib/gcc/arm-none-eabi/11.3.1/../../../../arm-none-eabi/lib/thumb/v7-m/nofp/libc_nano.a(libc_a-memset.o)
 .ARM.attributes
                0x000000000000041c       0x2d /Applications/STM32CubeIDE.app/Contents/Eclipse/plugins/com.st.stm32cube.ide.mcu.externaltools.gnu-tools-for-stm32.11.3.rel1.macos64_1.1.100.202310310803/tools/bin/../lib/gcc/arm-none-eabi/11.3.1/../../../../arm-none-eabi/lib/thumb/v7-m/nofp/libc_nano.a(libc_a-impure.o)
 .ARM.attributes
                0x0000000000000449       0x2d /Applications/STM32CubeIDE.app/Contents/Eclipse/plugins/com.st.stm32cube.ide.mcu.externaltools.gnu-tools-for-stm32.11.3.rel1.macos64_1.1.100.202310310803/tools/bin/../lib/gcc/arm-none-eabi/11.3.1/../../../../arm-none-eabi/lib/thumb/v7-m/nofp/libc_nano.a(libc_a-errno.o)
 .ARM.attributes
                0x0000000000000476       0x2d /Applications/STM32CubeIDE.app/Contents/Eclipse/plugins/com.st.stm32cube.ide.mcu.externaltools.gnu-tools-for-stm32.11.3.rel1.macos64_1.1.100.202310310803/tools/bin/../lib/gcc/arm-none-eabi/11.3.1/../../../../arm-none-eabi/lib/thumb/v7-m/nofp/libc_nano.a(libc_a-init.o)
 .ARM.attributes
                0x00000000000004a3       0x2d /Applications/STM32CubeIDE.app/Contents/Eclipse/plugins/com.st.stm32cube.ide.mcu.externaltools.gnu-tools-for-stm32.11.3.rel1.macos64_1.1.100.202310310803/tools/bin/../lib/gcc/arm-none-eabi/11.3.1/../../../../arm-none-eabi/lib/thumb/v7-m/nofp/libc_nano.a(libc_a-lock.o)
 .ARM.attributes
                0x00000000000004d0       0x2d /Applications/STM32CubeIDE.app/Contents/Eclipse/plugins/com.st.stm32cube.ide.mcu.externaltools.gnu-tools-for-stm32.11.3.rel1.macos64_1.1.100.202310310803/tools/bin/../lib/gcc/arm-none-eabi/11.3.1/../../../../arm-none-eabi/lib/thumb/v7-m/nofp/libc_nano.a(libc_a-memcpy-stub.o)
 .ARM.attributes
                0x00000000000004fd       0x2d /Applications/STM32CubeIDE.app/Contents/Eclipse/plugins/com.st.stm32cube.ide.mcu.externaltools.gnu-tools-for-stm32.11.3.rel1.macos64_1.1.100.202310310803/tools/bin/../lib/gcc/arm-none-eabi/11.3.1/../../../../arm-none-eabi/lib/thumb/v7-m/nofp/libc_nano.a(libc_a-nano-svfprintf.o)
 .ARM.attributes
                0x000000000000052a       0x2d /Applications/STM32CubeIDE.app/Contents/Eclipse/plugins/com.st.stm32cube.ide.mcu.externaltools.gnu-tools-for-stm32.11.3.rel1.macos64_1.1.100.202310310803/tools/bin/../lib/gcc/arm-none-eabi/11.3.1/../../../../arm-none-eabi/lib/thumb/v7-m/nofp/libc_nano.a(libc_a-mallocr.o)
 .ARM.attributes
                0x0000000000000557       0x2d /Applications/STM32CubeIDE.app/Contents/Eclipse/plugins/com.st.stm32cube.ide.mcu.externaltools.gnu-tools-for-stm32.11.3.rel1.macos64_1.1.100.202310310803/tools/bin/../lib/gcc/arm-none-eabi/11.3.1/../../../../arm-none-eabi/lib/thumb/v7-m/nofp/libc_nano.a(libc_a-nano-vfprintf_i.o)
 .ARM.attributes
                0x0000000000000584       0x2d /Applications/STM32CubeIDE.app/Contents/Eclipse/plugins/com.st.stm32cube.ide.mcu.externaltools.gnu-tools-for-stm32.11.3.rel1.macos64_1.1.100.202310310803/tools/bin/../lib/gcc/arm-none-eabi/11.3.1/../../../../arm-none-eabi/lib/thumb/v7-m/nofp/libc_nano.a(libc_a-mlock.o)
 .ARM.attributes
                0x00000000000005b1       0x2d /Applications/STM32CubeIDE.app/Contents/Eclipse/plugins/com.st.stm32cube.ide.mcu.externaltools.gnu-tools-for-stm32.11.3.rel1.macos64_1.1.100.202310310803/tools/bin/../lib/gcc/arm-none-eabi/11.3.1/../../../../arm-none-eabi/lib/thumb/v7-m/nofp/libc_nano.a(libc_a-reallocr.o)
 .ARM.attributes
                0x00000000000005de       0x2d /Applications/STM32CubeIDE.app/Contents/Eclipse/plugins/com.st.stm32cube.ide.mcu.externaltools.gnu-tools-for-stm32.11.3.rel1.macos64_1.1.100.202310310803/tools/bin/../lib/gcc/arm-none-eabi/11.3.1/../../../../arm-none-eabi/lib/thumb/v7-m/nofp/libc_nano.a(libc_a-memmove.o)
 .ARM.attributes
                0x000000000000060b       0x2d /Applications/STM32CubeIDE.app/Contents/Eclipse/plugins/com.st.stm32cube.ide.mcu.externaltools.gnu-tools-for-stm32.11.3.rel1.macos64_1.1.100.202310310803/tools/bin/../lib/gcc/arm-none-eabi/11.3.1/../../../../arm-none-eabi/lib/thumb/v7-m/nofp/libc_nano.a(libc_a-reent.o)
 .ARM.attributes
                0x0000000000000638       0x2d /Applications/STM32CubeIDE.app/Contents/Eclipse/plugins/com.st.stm32cube.ide.mcu.externaltools.gnu-tools-for-stm32.11.3.rel1.macos64_1.1.100.202310310803/tools/bin/../lib/gcc/arm-none-eabi/11.3.1/../../../../arm-none-eabi/lib/thumb/v7-m/nofp/libc_nano.a(libc_a-sbrkr.o)
 .ARM.attributes
                0x0000000000000665       0x2d /Applications/STM32CubeIDE.app/Contents/Eclipse/plugins/com.st.stm32cube.ide.mcu.externaltools.gnu-tools-for-stm32.11.3.rel1.macos64_1.1.100.202310310803/tools/bin/../lib/gcc/arm-none-eabi/11.3.1/../../../../arm-none-eabi/lib/thumb/v7-m/nofp/libc_nano.a(libc_a-memchr-stub.o)
 .ARM.attributes
                0x0000000000000692       0x2d /Applications/STM32CubeIDE.app/Contents/Eclipse/plugins/com.st.stm32cube.ide.mcu.externaltools.gnu-tools-for-stm32.11.3.rel1.macos64_1.1.100.202310310803/tools/bin/../lib/gcc/arm-none-eabi/11.3.1/../../../../arm-none-eabi/lib/thumb/v7-m/nofp/libc_nano.a(libc_a-freer.o)
 .ARM.attributes
                0x00000000000006bf       0x2d /Applications/STM32CubeIDE.app/Contents/Eclipse/plugins/com.st.stm32cube.ide.mcu.externaltools.gnu-tools-for-stm32.11.3.rel1.macos64_1.1.100.202310310803/tools/bin/../lib/gcc/arm-none-eabi/11.3.1/../../../../arm-none-eabi/lib/thumb/v7-m/nofp/libc_nano.a(libc_a-msizer.o)
 .ARM.attributes
                0x00000000000006ec       0x1d /Applications/STM32CubeIDE.app/Contents/Eclipse/plugins/com.st.stm32cube.ide.mcu.externaltools.gnu-tools-for-stm32.11.3.rel1.macos64_1.1.100.202310310803/tools/bin/../lib/gcc/arm-none-eabi/11.3.1/thumb/v7-m/nofp/libgcc.a(_arm_addsubdf3.o)
 .ARM.attributes
                0x0000000000000709       0x1d /Applications/STM32CubeIDE.app/Contents/Eclipse/plugins/com.st.stm32cube.ide.mcu.externaltools.gnu-tools-for-stm32.11.3.rel1.macos64_1.1.100.202310310803/tools/bin/../lib/gcc/arm-none-eabi/11.3.1/thumb/v7-m/nofp/libgcc.a(_arm_muldivdf3.o)
 .ARM.attributes
                0x0000000000000726       0x1d /Applications/STM32CubeIDE.app/Contents/Eclipse/plugins/com.st.stm32cube.ide.mcu.externaltools.gnu-tools-for-stm32.11.3.rel1.macos64_1.1.100.202310310803/tools/bin/../lib/gcc/arm-none-eabi/11.3.1/thumb/v7-m/nofp/libgcc.a(_arm_fixdfsi.o)
 .ARM.attributes
                0x0000000000000743       0x1d /Applications/STM32CubeIDE.app/Contents/Eclipse/plugins/com.st.stm32cube.ide.mcu.externaltools.gnu-tools-for-stm32.11.3.rel1.macos64_1.1.100.202310310803/tools/bin/../lib/gcc/arm-none-eabi/11.3.1/thumb/v7-m/nofp/libgcc.a(_arm_fixunsdfsi.o)
 .ARM.attributes
                0x0000000000000760       0x1d /Applications/STM32CubeIDE.app/Contents/Eclipse/plugins/com.st.stm32cube.ide.mcu.externaltools.gnu-tools-for-stm32.11.3.rel1.macos64_1.1.100.202310310803/tools/bin/../lib/gcc/arm-none-eabi/11.3.1/thumb/v7-m/nofp/crtn.o
OUTPUT(3ultrasonic_test.elf elf32-littlearm)
LOAD linker stubs
LOAD /Applications/STM32CubeIDE.app/Contents/Eclipse/plugins/com.st.stm32cube.ide.mcu.externaltools.gnu-tools-for-stm32.11.3.rel1.macos64_1.1.100.202310310803/tools/bin/../lib/gcc/arm-none-eabi/11.3.1/../../../../arm-none-eabi/lib/thumb/v7-m/nofp/libc.a
LOAD /Applications/STM32CubeIDE.app/Contents/Eclipse/plugins/com.st.stm32cube.ide.mcu.externaltools.gnu-tools-for-stm32.11.3.rel1.macos64_1.1.100.202310310803/tools/bin/../lib/gcc/arm-none-eabi/11.3.1/../../../../arm-none-eabi/lib/thumb/v7-m/nofp/libm.a
LOAD /Applications/STM32CubeIDE.app/Contents/Eclipse/plugins/com.st.stm32cube.ide.mcu.externaltools.gnu-tools-for-stm32.11.3.rel1.macos64_1.1.100.202310310803/tools/bin/../lib/gcc/arm-none-eabi/11.3.1/thumb/v7-m/nofp/libgcc.a

.comment        0x0000000000000000       0x43
 .comment       0x0000000000000000       0x43 /Applications/STM32CubeIDE.app/Contents/Eclipse/plugins/com.st.stm32cube.ide.mcu.externaltools.gnu-tools-for-stm32.11.3.rel1.macos64_1.1.100.202310310803/tools/bin/../lib/gcc/arm-none-eabi/11.3.1/thumb/v7-m/nofp/crtbegin.o
                                         0x44 (size before relaxing)
 .comment       0x0000000000000043       0x44 ./Core/Src/LCD1602.o
 .comment       0x0000000000000043       0x44 ./Core/Src/freertos.o
 .comment       0x0000000000000043       0x44 ./Core/Src/main.o
 .comment       0x0000000000000043       0x44 ./Core/Src/stm32f1xx_hal_msp.o
 .comment       0x0000000000000043       0x44 ./Core/Src/stm32f1xx_it.o
 .comment       0x0000000000000043       0x44 ./Core/Src/sysmem.o
 .comment       0x0000000000000043       0x44 ./Core/Src/system_stm32f1xx.o
 .comment       0x0000000000000043       0x44 ./Drivers/STM32F1xx_HAL_Driver/Src/stm32f1xx_hal.o
 .comment       0x0000000000000043       0x44 ./Drivers/STM32F1xx_HAL_Driver/Src/stm32f1xx_hal_cortex.o
 .comment       0x0000000000000043       0x44 ./Drivers/STM32F1xx_HAL_Driver/Src/stm32f1xx_hal_gpio.o
 .comment       0x0000000000000043       0x44 ./Drivers/STM32F1xx_HAL_Driver/Src/stm32f1xx_hal_rcc.o
 .comment       0x0000000000000043       0x44 ./Drivers/STM32F1xx_HAL_Driver/Src/stm32f1xx_hal_tim.o
 .comment       0x0000000000000043       0x44 ./Drivers/STM32F1xx_HAL_Driver/Src/stm32f1xx_hal_tim_ex.o
 .comment       0x0000000000000043       0x44 ./Middlewares/Third_Party/FreeRTOS/Source/list.o
 .comment       0x0000000000000043       0x44 ./Middlewares/Third_Party/FreeRTOS/Source/queue.o
 .comment       0x0000000000000043       0x44 ./Middlewares/Third_Party/FreeRTOS/Source/tasks.o
 .comment       0x0000000000000043       0x44 ./Middlewares/Third_Party/FreeRTOS/Source/portable/GCC/ARM_CM3/port.o
 .comment       0x0000000000000043       0x44 ./Middlewares/Third_Party/FreeRTOS/Source/portable/MemMang/heap_4.o

.debug_info     0x0000000000000000     0xc752
 .debug_info    0x0000000000000000      0x7f1 ./Core/Src/LCD1602.o
 .debug_info    0x00000000000007f1      0x279 ./Core/Src/freertos.o
 .debug_info    0x0000000000000a6a     0x11e4 ./Core/Src/main.o
 .debug_info    0x0000000000001c4e      0xaa8 ./Core/Src/stm32f1xx_hal_msp.o
 .debug_info    0x00000000000026f6      0x11b ./Core/Src/stm32f1xx_it.o
 .debug_info    0x0000000000002811      0x168 ./Core/Src/sysmem.o
 .debug_info    0x0000000000002979      0x222 ./Core/Src/system_stm32f1xx.o
 .debug_info    0x0000000000002b9b       0x23 ./Core/Startup/startup_stm32f103c8tx.o
 .debug_info    0x0000000000002bbe      0x704 ./Drivers/STM32F1xx_HAL_Driver/Src/stm32f1xx_hal.o
 .debug_info    0x00000000000032c2      0xa87 ./Drivers/STM32F1xx_HAL_Driver/Src/stm32f1xx_hal_cortex.o
 .debug_info    0x0000000000003d49      0x5ab ./Drivers/STM32F1xx_HAL_Driver/Src/stm32f1xx_hal_gpio.o
 .debug_info    0x00000000000042f4      0x7d5 ./Drivers/STM32F1xx_HAL_Driver/Src/stm32f1xx_hal_rcc.o
 .debug_info    0x0000000000004ac9     0x293b ./Drivers/STM32F1xx_HAL_Driver/Src/stm32f1xx_hal_tim.o
 .debug_info    0x0000000000007404     0x149b ./Drivers/STM32F1xx_HAL_Driver/Src/stm32f1xx_hal_tim_ex.o
 .debug_info    0x000000000000889f      0x2aa ./Middlewares/Third_Party/FreeRTOS/Source/list.o
 .debug_info    0x0000000000008b49     0x1722 ./Middlewares/Third_Party/FreeRTOS/Source/queue.o
 .debug_info    0x000000000000a26b     0x1c90 ./Middlewares/Third_Party/FreeRTOS/Source/tasks.o
 .debug_info    0x000000000000befb      0x494 ./Middlewares/Third_Party/FreeRTOS/Source/portable/GCC/ARM_CM3/port.o
 .debug_info    0x000000000000c38f      0x3c3 ./Middlewares/Third_Party/FreeRTOS/Source/portable/MemMang/heap_4.o

.debug_abbrev   0x0000000000000000     0x2551
 .debug_abbrev  0x0000000000000000      0x1e4 ./Core/Src/LCD1602.o
 .debug_abbrev  0x00000000000001e4       0xd2 ./Core/Src/freertos.o
 .debug_abbrev  0x00000000000002b6      0x312 ./Core/Src/main.o
 .debug_abbrev  0x00000000000005c8      0x1ec ./Core/Src/stm32f1xx_hal_msp.o
 .debug_abbrev  0x00000000000007b4       0xaa ./Core/Src/stm32f1xx_it.o
 .debug_abbrev  0x000000000000085e       0xbc ./Core/Src/sysmem.o
 .debug_abbrev  0x000000000000091a      0x13f ./Core/Src/system_stm32f1xx.o
 .debug_abbrev  0x0000000000000a59       0x12 ./Core/Startup/startup_stm32f103c8tx.o
 .debug_abbrev  0x0000000000000a6b      0x201 ./Drivers/STM32F1xx_HAL_Driver/Src/stm32f1xx_hal.o
 .debug_abbrev  0x0000000000000c6c      0x2f8 ./Drivers/STM32F1xx_HAL_Driver/Src/stm32f1xx_hal_cortex.o
 .debug_abbrev  0x0000000000000f64      0x1ca ./Drivers/STM32F1xx_HAL_Driver/Src/stm32f1xx_hal_gpio.o
 .debug_abbrev  0x000000000000112e      0x2b3 ./Drivers/STM32F1xx_HAL_Driver/Src/stm32f1xx_hal_rcc.o
 .debug_abbrev  0x00000000000013e1      0x277 ./Drivers/STM32F1xx_HAL_Driver/Src/stm32f1xx_hal_tim.o
 .debug_abbrev  0x0000000000001658      0x282 ./Drivers/STM32F1xx_HAL_Driver/Src/stm32f1xx_hal_tim_ex.o
 .debug_abbrev  0x00000000000018da       0xf5 ./Middlewares/Third_Party/FreeRTOS/Source/list.o
 .debug_abbrev  0x00000000000019cf      0x3cd ./Middlewares/Third_Party/FreeRTOS/Source/queue.o
 .debug_abbrev  0x0000000000001d9c      0x358 ./Middlewares/Third_Party/FreeRTOS/Source/tasks.o
 .debug_abbrev  0x00000000000020f4      0x258 ./Middlewares/Third_Party/FreeRTOS/Source/portable/GCC/ARM_CM3/port.o
 .debug_abbrev  0x000000000000234c      0x205 ./Middlewares/Third_Party/FreeRTOS/Source/portable/MemMang/heap_4.o

.debug_aranges  0x0000000000000000      0xda0
 .debug_aranges
                0x0000000000000000       0x58 ./Core/Src/LCD1602.o
 .debug_aranges
                0x0000000000000058       0x20 ./Core/Src/freertos.o
 .debug_aranges
                0x0000000000000078       0x70 ./Core/Src/main.o
 .debug_aranges
                0x00000000000000e8       0x38 ./Core/Src/stm32f1xx_hal_msp.o
 .debug_aranges
                0x0000000000000120       0x50 ./Core/Src/stm32f1xx_it.o
 .debug_aranges
                0x0000000000000170       0x20 ./Core/Src/sysmem.o
 .debug_aranges
                0x0000000000000190       0x28 ./Core/Src/system_stm32f1xx.o
 .debug_aranges
                0x00000000000001b8       0x28 ./Core/Startup/startup_stm32f103c8tx.o
 .debug_aranges
                0x00000000000001e0       0xe0 ./Drivers/STM32F1xx_HAL_Driver/Src/stm32f1xx_hal.o
 .debug_aranges
                0x00000000000002c0      0x100 ./Drivers/STM32F1xx_HAL_Driver/Src/stm32f1xx_hal_cortex.o
 .debug_aranges
                0x00000000000003c0       0x58 ./Drivers/STM32F1xx_HAL_Driver/Src/stm32f1xx_hal_gpio.o
 .debug_aranges
                0x0000000000000418       0x90 ./Drivers/STM32F1xx_HAL_Driver/Src/stm32f1xx_hal_rcc.o
 .debug_aranges
                0x00000000000004a8      0x3d0 ./Drivers/STM32F1xx_HAL_Driver/Src/stm32f1xx_hal_tim.o
 .debug_aranges
                0x0000000000000878      0x168 ./Drivers/STM32F1xx_HAL_Driver/Src/stm32f1xx_hal_tim_ex.o
 .debug_aranges
                0x00000000000009e0       0x40 ./Middlewares/Third_Party/FreeRTOS/Source/list.o
 .debug_aranges
                0x0000000000000a20      0x108 ./Middlewares/Third_Party/FreeRTOS/Source/queue.o
 .debug_aranges
                0x0000000000000b28      0x1b0 ./Middlewares/Third_Party/FreeRTOS/Source/tasks.o
 .debug_aranges
                0x0000000000000cd8       0x78 ./Middlewares/Third_Party/FreeRTOS/Source/portable/GCC/ARM_CM3/port.o
 .debug_aranges
                0x0000000000000d50       0x50 ./Middlewares/Third_Party/FreeRTOS/Source/portable/MemMang/heap_4.o

.debug_rnglists
                0x0000000000000000      0xa78
 .debug_rnglists
                0x0000000000000000       0x3e ./Core/Src/LCD1602.o
 .debug_rnglists
                0x000000000000003e       0x13 ./Core/Src/freertos.o
 .debug_rnglists
                0x0000000000000051       0x58 ./Core/Src/main.o
 .debug_rnglists
                0x00000000000000a9       0x27 ./Core/Src/stm32f1xx_hal_msp.o
 .debug_rnglists
                0x00000000000000d0       0x37 ./Core/Src/stm32f1xx_it.o
 .debug_rnglists
                0x0000000000000107       0x13 ./Core/Src/sysmem.o
 .debug_rnglists
                0x000000000000011a       0x1a ./Core/Src/system_stm32f1xx.o
 .debug_rnglists
                0x0000000000000134       0x19 ./Core/Startup/startup_stm32f103c8tx.o
 .debug_rnglists
                0x000000000000014d       0xa3 ./Drivers/STM32F1xx_HAL_Driver/Src/stm32f1xx_hal.o
 .debug_rnglists
                0x00000000000001f0       0xbb ./Drivers/STM32F1xx_HAL_Driver/Src/stm32f1xx_hal_cortex.o
 .debug_rnglists
                0x00000000000002ab       0x3f ./Drivers/STM32F1xx_HAL_Driver/Src/stm32f1xx_hal_gpio.o
 .debug_rnglists
                0x00000000000002ea       0x6c ./Drivers/STM32F1xx_HAL_Driver/Src/stm32f1xx_hal_rcc.o
 .debug_rnglists
                0x0000000000000356      0x31a ./Drivers/STM32F1xx_HAL_Driver/Src/stm32f1xx_hal_tim.o
 .debug_rnglists
                0x0000000000000670      0x125 ./Drivers/STM32F1xx_HAL_Driver/Src/stm32f1xx_hal_tim_ex.o
 .debug_rnglists
                0x0000000000000795       0x2b ./Middlewares/Third_Party/FreeRTOS/Source/list.o
 .debug_rnglists
                0x00000000000007c0       0xcd ./Middlewares/Third_Party/FreeRTOS/Source/queue.o
 .debug_rnglists
                0x000000000000088d      0x15a ./Middlewares/Third_Party/FreeRTOS/Source/tasks.o
 .debug_rnglists
                0x00000000000009e7       0x56 ./Middlewares/Third_Party/FreeRTOS/Source/portable/GCC/ARM_CM3/port.o
 .debug_rnglists
                0x0000000000000a3d       0x3b ./Middlewares/Third_Party/FreeRTOS/Source/portable/MemMang/heap_4.o

.debug_macro    0x0000000000000000    0x18ea6
 .debug_macro   0x0000000000000000      0x1fd ./Core/Src/LCD1602.o
 .debug_macro   0x00000000000001fd      0xa9c ./Core/Src/LCD1602.o
 .debug_macro   0x0000000000000c99      0x215 ./Core/Src/LCD1602.o
 .debug_macro   0x0000000000000eae       0x2e ./Core/Src/LCD1602.o
 .debug_macro   0x0000000000000edc       0x22 ./Core/Src/LCD1602.o
 .debug_macro   0x0000000000000efe       0x22 ./Core/Src/LCD1602.o
 .debug_macro   0x0000000000000f20       0x8e ./Core/Src/LCD1602.o
 .debug_macro   0x0000000000000fae       0x51 ./Core/Src/LCD1602.o
 .debug_macro   0x0000000000000fff      0x103 ./Core/Src/LCD1602.o
 .debug_macro   0x0000000000001102       0x6a ./Core/Src/LCD1602.o
 .debug_macro   0x000000000000116c      0x1df ./Core/Src/LCD1602.o
 .debug_macro   0x000000000000134b       0x1c ./Core/Src/LCD1602.o
 .debug_macro   0x0000000000001367       0x22 ./Core/Src/LCD1602.o
 .debug_macro   0x0000000000001389       0xbd ./Core/Src/LCD1602.o
 .debug_macro   0x0000000000001446      0xd23 ./Core/Src/LCD1602.o
 .debug_macro   0x0000000000002169     0xe09e ./Core/Src/LCD1602.o
 .debug_macro   0x0000000000010207       0x6d ./Core/Src/LCD1602.o
 .debug_macro   0x0000000000010274     0x348d ./Core/Src/LCD1602.o
 .debug_macro   0x0000000000013701      0x174 ./Core/Src/LCD1602.o
 .debug_macro   0x0000000000013875       0x5c ./Core/Src/LCD1602.o
 .debug_macro   0x00000000000138d1      0x5bc ./Core/Src/LCD1602.o
 .debug_macro   0x0000000000013e8d      0x289 ./Core/Src/LCD1602.o
 .debug_macro   0x0000000000014116      0x1cb ./Core/Src/LCD1602.o
 .debug_macro   0x00000000000142e1      0x114 ./Core/Src/LCD1602.o
 .debug_macro   0x00000000000143f5      0x1b2 ./Core/Src/LCD1602.o
 .debug_macro   0x00000000000145a7       0x27 ./Core/Src/LCD1602.o
 .debug_macro   0x00000000000145ce      0x136 ./Core/Src/LCD1602.o
 .debug_macro   0x0000000000014704      0x1bc ./Core/Src/LCD1602.o
 .debug_macro   0x00000000000148c0       0x34 ./Core/Src/LCD1602.o
 .debug_macro   0x00000000000148f4       0x3c ./Core/Src/LCD1602.o
 .debug_macro   0x0000000000014930       0x57 ./Core/Src/LCD1602.o
 .debug_macro   0x0000000000014987       0x87 ./Core/Src/LCD1602.o
 .debug_macro   0x0000000000014a0e      0x240 ./Core/Src/LCD1602.o
 .debug_macro   0x0000000000014c4e      0x140 ./Core/Src/LCD1602.o
 .debug_macro   0x0000000000014d8e      0x8ed ./Core/Src/LCD1602.o
 .debug_macro   0x000000000001567b       0x83 ./Core/Src/LCD1602.o
 .debug_macro   0x00000000000156fe      0x20b ./Core/Src/freertos.o
 .debug_macro   0x0000000000015909       0xd0 ./Core/Src/freertos.o
 .debug_macro   0x00000000000159d9      0x15a ./Core/Src/freertos.o
 .debug_macro   0x0000000000015b33       0xd7 ./Core/Src/freertos.o
 .debug_macro   0x0000000000015c0a       0x10 ./Core/Src/freertos.o
 .debug_macro   0x0000000000015c1a       0x1f ./Core/Src/freertos.o
 .debug_macro   0x0000000000015c39      0x4b7 ./Core/Src/freertos.o
 .debug_macro   0x00000000000160f0       0xb5 ./Core/Src/freertos.o
 .debug_macro   0x00000000000161a5       0x8c ./Core/Src/freertos.o
 .debug_macro   0x0000000000016231      0x392 ./Core/Src/main.o
 .debug_macro   0x00000000000165c3       0xd0 ./Core/Src/main.o
 .debug_macro   0x0000000000016693       0x91 ./Core/Src/main.o
 .debug_macro   0x0000000000016724       0x8d ./Core/Src/main.o
 .debug_macro   0x00000000000167b1       0x7e ./Core/Src/main.o
 .debug_macro   0x000000000001682f       0x19 ./Core/Src/main.o
 .debug_macro   0x0000000000016848       0xf2 ./Core/Src/main.o
 .debug_macro   0x000000000001693a       0x61 ./Core/Src/main.o
 .debug_macro   0x000000000001699b       0x24 ./Core/Src/main.o
 .debug_macro   0x00000000000169bf       0x43 ./Core/Src/main.o
 .debug_macro   0x0000000000016a02       0x34 ./Core/Src/main.o
 .debug_macro   0x0000000000016a36       0x16 ./Core/Src/main.o
 .debug_macro   0x0000000000016a4c       0x35 ./Core/Src/main.o
 .debug_macro   0x0000000000016a81      0x369 ./Core/Src/main.o
 .debug_macro   0x0000000000016dea       0x10 ./Core/Src/main.o
 .debug_macro   0x0000000000016dfa       0x16 ./Core/Src/main.o
 .debug_macro   0x0000000000016e10       0x43 ./Core/Src/main.o
 .debug_macro   0x0000000000016e53       0x34 ./Core/Src/main.o
 .debug_macro   0x0000000000016e87       0x10 ./Core/Src/main.o
 .debug_macro   0x0000000000016e97       0x58 ./Core/Src/main.o
 .debug_macro   0x0000000000016eef       0x8e ./Core/Src/main.o
 .debug_macro   0x0000000000016f7d       0x1c ./Core/Src/main.o
 .debug_macro   0x0000000000016f99      0x177 ./Core/Src/main.o
 .debug_macro   0x0000000000017110       0x16 ./Core/Src/main.o
 .debug_macro   0x0000000000017126       0x16 ./Core/Src/main.o
 .debug_macro   0x000000000001713c      0x147 ./Core/Src/main.o
 .debug_macro   0x0000000000017283      0x1a3 ./Core/Src/stm32f1xx_hal_msp.o
 .debug_macro   0x0000000000017426      0x215 ./Core/Src/stm32f1xx_it.o
 .debug_macro   0x000000000001763b       0xff ./Core/Src/sysmem.o
 .debug_macro   0x000000000001773a      0x23c ./Core/Src/sysmem.o
 .debug_macro   0x0000000000017976      0x199 ./Core/Src/system_stm32f1xx.o
 .debug_macro   0x0000000000017b0f      0x1bd ./Drivers/STM32F1xx_HAL_Driver/Src/stm32f1xx_hal.o
 .debug_macro   0x0000000000017ccc      0x199 ./Drivers/STM32F1xx_HAL_Driver/Src/stm32f1xx_hal_cortex.o
 .debug_macro   0x0000000000017e65      0x204 ./Drivers/STM32F1xx_HAL_Driver/Src/stm32f1xx_hal_gpio.o
 .debug_macro   0x0000000000018069      0x1ab ./Drivers/STM32F1xx_HAL_Driver/Src/stm32f1xx_hal_rcc.o
 .debug_macro   0x0000000000018214      0x19a ./Drivers/STM32F1xx_HAL_Driver/Src/stm32f1xx_hal_tim.o
 .debug_macro   0x00000000000183ae      0x199 ./Drivers/STM32F1xx_HAL_Driver/Src/stm32f1xx_hal_tim_ex.o
 .debug_macro   0x0000000000018547      0x187 ./Middlewares/Third_Party/FreeRTOS/Source/list.o
 .debug_macro   0x00000000000186ce      0x212 ./Middlewares/Third_Party/FreeRTOS/Source/queue.o
 .debug_macro   0x00000000000188e0       0x16 ./Middlewares/Third_Party/FreeRTOS/Source/queue.o
 .debug_macro   0x00000000000188f6      0x280 ./Middlewares/Third_Party/FreeRTOS/Source/tasks.o
 .debug_macro   0x0000000000018b76       0x10 ./Middlewares/Third_Party/FreeRTOS/Source/tasks.o
 .debug_macro   0x0000000000018b86      0x172 ./Middlewares/Third_Party/FreeRTOS/Source/portable/GCC/ARM_CM3/port.o
 .debug_macro   0x0000000000018cf8      0x1ae ./Middlewares/Third_Party/FreeRTOS/Source/portable/MemMang/heap_4.o

.debug_line     0x0000000000000000     0xf852
 .debug_line    0x0000000000000000      0x798 ./Core/Src/LCD1602.o
 .debug_line    0x0000000000000798      0x77f ./Core/Src/freertos.o
 .debug_line    0x0000000000000f17      0xf88 ./Core/Src/main.o
 .debug_line    0x0000000000001e9f      0x747 ./Core/Src/stm32f1xx_hal_msp.o
 .debug_line    0x00000000000025e6      0x829 ./Core/Src/stm32f1xx_it.o
 .debug_line    0x0000000000002e0f      0x51c ./Core/Src/sysmem.o
 .debug_line    0x000000000000332b      0x700 ./Core/Src/system_stm32f1xx.o
 .debug_line    0x0000000000003a2b       0x78 ./Core/Startup/startup_stm32f103c8tx.o
 .debug_line    0x0000000000003aa3      0x92d ./Drivers/STM32F1xx_HAL_Driver/Src/stm32f1xx_hal.o
 .debug_line    0x00000000000043d0      0xb15 ./Drivers/STM32F1xx_HAL_Driver/Src/stm32f1xx_hal_cortex.o
 .debug_line    0x0000000000004ee5      0x9c6 ./Drivers/STM32F1xx_HAL_Driver/Src/stm32f1xx_hal_gpio.o
 .debug_line    0x00000000000058ab      0xd36 ./Drivers/STM32F1xx_HAL_Driver/Src/stm32f1xx_hal_rcc.o
 .debug_line    0x00000000000065e1     0x3419 ./Drivers/STM32F1xx_HAL_Driver/Src/stm32f1xx_hal_tim.o
 .debug_line    0x00000000000099fa     0x188c ./Drivers/STM32F1xx_HAL_Driver/Src/stm32f1xx_hal_tim_ex.o
 .debug_line    0x000000000000b286      0x72e ./Middlewares/Third_Party/FreeRTOS/Source/list.o
 .debug_line    0x000000000000b9b4     0x14ab ./Middlewares/Third_Party/FreeRTOS/Source/queue.o
 .debug_line    0x000000000000ce5f     0x1998 ./Middlewares/Third_Party/FreeRTOS/Source/tasks.o
 .debug_line    0x000000000000e7f7      0x76b ./Middlewares/Third_Party/FreeRTOS/Source/portable/GCC/ARM_CM3/port.o
 .debug_line    0x000000000000ef62      0x8f0 ./Middlewares/Third_Party/FreeRTOS/Source/portable/MemMang/heap_4.o

.debug_str      0x0000000000000000    0x902c3
 .debug_str     0x0000000000000000    0x81bb3 ./Core/Src/LCD1602.o
                                      0x81fa6 (size before relaxing)
 .debug_str     0x0000000000081bb3     0x3b02 ./Core/Src/freertos.o
                                      0x8541e (size before relaxing)
 .debug_str     0x00000000000856b5     0x6081 ./Core/Src/main.o
                                      0x8b915 (size before relaxing)
 .debug_str     0x000000000008b736      0x318 ./Core/Src/stm32f1xx_hal_msp.o
                                      0x821e0 (size before relaxing)
 .debug_str     0x000000000008ba4e       0xd9 ./Core/Src/stm32f1xx_it.o
                                      0x8537f (size before relaxing)
 .debug_str     0x000000000008bb27      0x35c ./Core/Src/sysmem.o
                                       0x5ff0 (size before relaxing)
 .debug_str     0x000000000008be83       0x7e ./Core/Src/system_stm32f1xx.o
                                      0x819af (size before relaxing)
 .debug_str     0x000000000008bf01       0x34 ./Core/Startup/startup_stm32f103c8tx.o
                                         0x5a (size before relaxing)
 .debug_str     0x000000000008bf35      0x378 ./Drivers/STM32F1xx_HAL_Driver/Src/stm32f1xx_hal.o
                                      0x820e2 (size before relaxing)
 .debug_str     0x000000000008c2ad      0x2bb ./Drivers/STM32F1xx_HAL_Driver/Src/stm32f1xx_hal_cortex.o
                                      0x8202e (size before relaxing)
 .debug_str     0x000000000008c568      0x2e5 ./Drivers/STM32F1xx_HAL_Driver/Src/stm32f1xx_hal_gpio.o
                                      0x81d35 (size before relaxing)
 .debug_str     0x000000000008c84d      0x229 ./Drivers/STM32F1xx_HAL_Driver/Src/stm32f1xx_hal_rcc.o
                                      0x81dde (size before relaxing)
 .debug_str     0x000000000008ca76      0xd6c ./Drivers/STM32F1xx_HAL_Driver/Src/stm32f1xx_hal_tim.o
                                      0x82dd0 (size before relaxing)
 .debug_str     0x000000000008d7e2      0x493 ./Drivers/STM32F1xx_HAL_Driver/Src/stm32f1xx_hal_tim_ex.o
                                      0x825ec (size before relaxing)
 .debug_str     0x000000000008dc75      0x21b ./Middlewares/Third_Party/FreeRTOS/Source/list.o
                                       0xa6e7 (size before relaxing)
 .debug_str     0x000000000008de90      0xa5f ./Middlewares/Third_Party/FreeRTOS/Source/queue.o